TAP version 13
# Subtest: production excludes Discord bots and Bots-role humans; explicit development permits both
ok 1 - production excludes Discord bots and Bots-role humans; explicit development permits both
  ---
  duration_ms: 2.5406
  ...
# Subtest: Admin label follows configured role or exact Admin role name, not unrelated roles
ok 2 - Admin label follows configured role or exact Admin role name, not unrelated roles
  ---
  duration_ms: 0.3101
  ...
# Subtest: runtime snapshot marks Bots-role targets excluded before gameplay sees the roster
ok 3 - runtime snapshot marks Bots-role targets excluded before gameplay sees the roster
  ---
  duration_ms: 1170.529
  ...
# Subtest: command dispatch rejects Bots-role actors and targets in production, permits development
ok 4 - command dispatch rejects Bots-role actors and targets in production, permits development
  ---
  duration_ms: 3.2762
  ...
# Subtest: shared candy clock aligns new and returning players without starter catch-up or cap surplus
ok 5 - shared candy clock aligns new and returning players without starter catch-up or cap surplus
  ---
  duration_ms: 2.6301
  ...
# Subtest: every reward embed has balances, no embed timestamp, and zero candy gets shared refill countdown
ok 6 - every reward embed has balances, no embed timestamp, and zero candy gets shared refill countdown
  ---
  duration_ms: 1.3772
  ...
# Subtest: private nudge eligibility excludes unregistered/inactive/recent callers, but full buckets need no recent play
ok 7 - private nudge eligibility excludes unregistered/inactive/recent callers, but full buckets need no recent play
  ---
  duration_ms: 0.3973
  ...
# Subtest: private stash reminder cooldown persists for 48 hours and concurrent claims cannot nag twice
ok 8 - private stash reminder cooldown persists for 48 hours and concurrent claims cannot nag twice
  ---
  duration_ms: 273.3854
  ...
# Subtest: wording gallery uses real renderer, contains all eight standard gifts and constrains every page
ok 9 - wording gallery uses real renderer, contains all eight standard gifts and constrains every page
  ---
  duration_ms: 107.2399
  ...
# Subtest: preview buttons acknowledge before fresh authorization and end cleanly on permission loss
ok 10 - preview buttons acknowledge before fresh authorization and end cleanly on permission loss
  ---
  duration_ms: 91.8035
  ...
# Subtest: caller crown win credits five fate for any registered player, caps bank and adds ten prestige once
ok 11 - caller crown win credits five fate for any registered player, caps bank and adds ten prestige once
  ---
  duration_ms: 235.5207
  ...
# Subtest: successful Great Heist gets a five-point boost; failed heist cannot gain it
ok 12 - successful Great Heist gets a five-point boost; failed heist cannot gain it
  ---
  duration_ms: 36.9606
  ...
# Subtest: Spooky leaderboard combines both tracks and returns ranks/badges without exposing hidden points
ok 13 - Spooky leaderboard combines both tracks and returns ranks/badges without exposing hidden points
  ---
  duration_ms: 45.1445
  ...
# Subtest: Sweet Tooth credits one banked fate and treat prestige in the action transaction; concurrent replay once
ok 14 - Sweet Tooth credits one banked fate and treat prestige in the action transaction; concurrent replay once
  ---
  duration_ms: 49.2724
  ...
# Subtest: non-Unwanted Sweet Tooth remains playable; full bank and near-cap are correct
ok 15 - non-Unwanted Sweet Tooth remains playable; full bank and near-cap are correct
  ---
  duration_ms: 103.884
  ...
# Subtest: only normal Sweet Tooth treats award fate; other outcomes and curse replacements do not
ok 16 - only normal Sweet Tooth treats award fate; other outcomes and curse replacements do not
  ---
  duration_ms: 32.2491
  ...
# Subtest: failure costs prestige, target no-effect scores zero, and bank/scoring failures roll back action candy
ok 17 - failure costs prestige, target no-effect scores zero, and bank/scoring failures roll back action candy
  ---
  duration_ms: 94.3852
  ...
# Subtest: ties share each track, a player may lead both, and inactive registrants do not win
ok 18 - ties share each track, a player may lead both, and inactive registrants do not win
  ---
  duration_ms: 50.338
  ...
# Subtest: Crown earns exact tenths on positive actions only; live rankings and frozen overall proof agree
ok 19 - Crown earns exact tenths on positive actions only; live rankings and frozen overall proof agree
  ---
  duration_ms: 74.3575
  ...
1..19
# tests 19
# suites 0
# pass 19
# fail 0
# cancelled 0
# skipped 0
# todo 0
# duration_ms 4673.66
