TAP version 13
# Subtest: ticket listener leaves game selectors/confirmations and unrelated buttons entirely to their owner
ok 1 - ticket listener leaves game selectors/confirmations and unrelated buttons entirely to their owner
  ---
  duration_ms: 1185.5794
  ...
# Subtest: ticket buttons still enforce staff permissions and contain expired-interaction failures
not ok 2 - ticket buttons still enforce staff permissions and contain expired-interaction failures
  ---
  duration_ms: 3.8529
  location: 'C:\\Users\\headm\\code\\sanity-bot-dev\\tests\\report-handler.test.js:22:1'
  failureType: 'testCodeFailure'
  error: |-
    Expected values to be strictly equal:
    + actual - expected
    
    + 'TypeError'
    - 10062
  code: 'ERR_ASSERTION'
  name: 'AssertionError'
  expected: 10062
  actual: 'TypeError'
  operator: 'strictEqual'
  stack: |-
    TestContext.<anonymous> (C:\Users\headm\code\sanity-bot-dev\tests\report-handler.test.js:29:44)
    async Test.run (node:internal/test_runner/test:931:9)
    async Test.processPendingSubtests (node:internal/test_runner/test:629:7)
  ...
1..2
# tests 2
# suites 0
# pass 1
# fail 1
# cancelled 0
# skipped 0
# todo 0
# duration_ms 1330.0974
