TAP version 13
# Subtest: private help/onboarding creates actual fate account atomically and never mentions others
ok 1 - private help/onboarding creates actual fate account atomically and never mentions others
  ---
  duration_ms: 260.6923
  ...
# Subtest: leaderboard is public while collection and help remain private
ok 2 - leaderboard is public while collection and help remain private
  ---
  duration_ms: 40.2624
  ...
# Subtest: public leaderboard uses latest earned badge emoji and defaults to supplied Selene art
ok 3 - public leaderboard uses latest earned badge emoji and defaults to supplied Selene art
  ---
  duration_ms: 23.9318
  ...
# Subtest: GIF rotation reads durable root history, charges once and preserves saved replay
ok 4 - GIF rotation reads durable root history, charges once and preserves saved replay
  ---
  duration_ms: 176.92
  ...
# Subtest: chosen shield recipient commits one action cost; replay skips the choice and random rolls
ok 5 - chosen shield recipient commits one action cost; replay skips the choice and random rolls
  ---
  duration_ms: 112.6738
  ...
# Subtest: break-curse skips a lone target, offers two/three choices and saves one paid result
ok 6 - break-curse skips a lone target, offers two/three choices and saves one paid result
  ---
  duration_ms: 400.937
  ...
# Subtest: registration avatar and committed balances survive replay; re-registering grants no extra candy
ok 7 - registration avatar and committed balances survive replay; re-registering grants no extra candy
  ---
  duration_ms: 56.5531
  ...
# Spooky action projection pending: SQLITE_MISUSE: Database handle is closed
# Subtest: registered targets are publicly tagged with strict user allowlist
ok 8 - registered targets are publicly tagged with strict user allowlist
  ---
  duration_ms: 122.961
  ...
# Subtest: losing outcomes charge exactly one candy and remain flavorful private results
ok 9 - losing outcomes charge exactly one candy and remain flavorful private results
  ---
  duration_ms: 84.0245
  ...
# Spooky public delivery pending (discord:failed-cleanup): send failed
# Spooky action projection pending: SQLITE_MISUSE: Database handle is closed
# Subtest: successful public results remove the private acknowledgement; failed delivery keeps a friendly warning
ok 10 - successful public results remove the private acknowledgement; failed delivery keeps a friendly warning
  ---
  duration_ms: 126.8792
  ...
# Spooky action projection pending: SQLITE_MISUSE: Database handle is closed
# Subtest: nonregistered targets get one embed mention per 72h; later effects stay public without pinging
ok 11 - nonregistered targets get one embed mention per 72h; later effects stay public without pinging
  ---
  duration_ms: 126.6966
  ...
# Subtest: fate purchase publicly reveals quarter; replay retains render plan and debits only once
ok 12 - fate purchase publicly reveals quarter; replay retains render plan and debits only once
  ---
  duration_ms: 73.7589
  ...
# Spooky public delivery pending (discord:theft): send failed
# Subtest: failed public notification does not refund or reroll committed theft
ok 13 - failed public notification does not refund or reroll committed theft
  ---
  duration_ms: 70.9906
  ...
# Subtest: membership failures and disabled events do not mutate or silently find rewards
ok 14 - membership failures and disabled events do not mutate or silently find rewards
  ---
  duration_ms: 43.1733
  ...
# Subtest: all effect recipient fields route publicly, with safe names and no false permanent badge claim
ok 15 - all effect recipient fields route publicly, with safe names and no false permanent badge claim
  ---
  duration_ms: 1.2679
  ...
# Subtest: slash definitions match help and route the authenticated interaction to the controller
ok 16 - slash definitions match help and route the authenticated interaction to the controller
  ---
  duration_ms: 5.1549
  ...
# Spooky action projection pending: SQLITE_MISUSE: Database handle is closed
# Subtest: a newly completed character gets one prominent notification; later draws do not repeat completion
ok 17 - a newly completed character gets one prominent notification; later draws do not repeat completion
  ---
  duration_ms: 69.3639
  ...
# Subtest: collection shows total duplicate progress across characters
ok 18 - collection shows total duplicate progress across characters
  ---
  duration_ms: 31.0799
  ...
# Subtest: registered recipient references are spaced out; repeated immediate actions use names
ok 19 - registered recipient references are spaced out; repeated immediate actions use names
  ---
  duration_ms: 271.5617
  ...
# Subtest: live Crown scan uses fresh REST pages without gateway member requests
ok 20 - live Crown scan uses fresh REST pages without gateway member requests
  ---
  duration_ms: 1136.7924
  ...
# Subtest: Crown finding/theft are mutually exclusive and each has the same 1% base interval
ok 21 - Crown finding/theft are mutually exclusive and each has the same 1% base interval
  ---
  duration_ms: 0.8471
  ...
# Subtest: failed old-holder removal never adds a second Crown; reconstruction retries safely
ok 22 - failed old-holder removal never adds a second Crown; reconstruction retries safely
  ---
  duration_ms: 253.3241
  ...
# Subtest: legacy multiple holders keep the most recently awarded wearer without new rewards
ok 23 - legacy multiple holders keep the most recently awarded wearer without new rewards
  ---
  duration_ms: 40.1701
  ...
# Subtest: superseded grants cannot reclaim the Crown; release is holder-scoped
ok 24 - superseded grants cannot reclaim the Crown; release is holder-scoped
  ---
  duration_ms: 76.904
  ...
# Subtest: durable effect renewal, replay, expiry and scope survive service reconstruction
ok 25 - durable effect renewal, replay, expiry and scope survive service reconstruction
  ---
  duration_ms: 223.4368
  ...
# Subtest: effect expiry is clamped to event end and clearing preserves metadata for restoration
ok 26 - effect expiry is clamped to event end and clearing preserves metadata for restoration
  ---
  duration_ms: 31.647
  ...
# Subtest: curse resolver uses active database effects rather than permanent role claims; closure turns it off
ok 27 - curse resolver uses active database effects rather than permanent role claims; closure turns it off
  ---
  duration_ms: 37.5769
  ...
# Subtest: effect service prevents curse/protection overlap in either order
ok 28 - effect service prevents curse/protection overlap in either order
  ---
  duration_ms: 52.9148
  ...
# Subtest: invalid/paused writes and later callback failure roll back effects, participant seed and ledger
ok 29 - invalid/paused writes and later callback failure roll back effects, participant seed and ledger
  ---
  duration_ms: 31.8249
  ...
# Subtest: Pacific start/end boundaries freeze once and preserve inventory, scores, wallet and pause
ok 30 - Pacific start/end boundaries freeze once and preserve inventory, scores, wallet and pause
  ---
  duration_ms: 335.4556
  ...
# Subtest: startup after downtime restores owned effects; committed replay retries pending delivery
ok 31 - startup after downtime restores owned effects; committed replay retries pending delivery
  ---
  duration_ms: 103.9207
  ...
# Subtest: active expiry cleans shields without waiting for play; closure catches overlong effects and respects scope
ok 32 - active expiry cleans shields without waiting for play; closure catches overlong effects and respects scope
  ---
  duration_ms: 80.2136
  ...
# Subtest: cleanup failure rolls back closure/restoration; repaired data allows the same key to succeed
ok 33 - cleanup failure rolls back closure/restoration; repaired data allows the same key to succeed
  ---
  duration_ms: 59.3953
  ...
# Subtest: cleanup preserves pre-existing curse roles and cancels stale additions; disabled worker does nothing
ok 34 - cleanup preserves pre-existing curse roles and cancels stale additions; disabled worker does nothing
  ---
  duration_ms: 48.279
  ...
# Subtest: queued pre-close maintenance uses execution time; concurrent closure writes one archive ledger entry
ok 35 - queued pre-close maintenance uses execution time; concurrent closure writes one archive ledger entry
  ---
  duration_ms: 41.3488
  ...
# Subtest: scheduler starts immediately, deduplicates slot keys, skips overlap/readiness, retries errors and stops
ok 36 - scheduler starts immediately, deduplicates slot keys, skips overlap/readiness, retries errors and stops
  ---
  duration_ms: 1.061
  ...
# Subtest: self curse cannot renew; target choices omit existing curses and shields
ok 37 - self curse cannot renew; target choices omit existing curses and shields
  ---
  duration_ms: 362.2106
  ...
# Subtest: a chosen break-curse target is revalidated; vanished curse cannot become a different gift
ok 38 - a chosen break-curse target is revalidated; vanished curse cannot become a different gift
  ---
  duration_ms: 97.7951
  ...
# Subtest: shield is recipient-only above 20%; repeat shared protection never renews caller
ok 39 - shield is recipient-only above 20%; repeat shared protection never renews caller
  ---
  duration_ms: 134.5794
  ...
# Subtest: protection cures a cursed target; a fresh shield restores after exactly twelve hours
ok 40 - protection cures a cursed target; a fresh shield restores after exactly twelve hours
  ---
  duration_ms: 164.1658
  ...
# Subtest: baseline is captured on first mutation, shared across effects and restored after October
ok 41 - baseline is captured on first mutation, shared across effects and restored after October
  ---
  duration_ms: 106.2181
  ...
# Subtest: pending curse cured by protection restores a null baseline without leaving a shield
ok 42 - pending curse cured by protection restores a null baseline without leaving a shield
  ---
  duration_ms: 60.7103
  ...
# Subtest: readable appearance has one wrapper and respects Discord nickname length
ok 43 - readable appearance has one wrapper and respects Discord nickname length
  ---
  duration_ms: 0.7553
  ...
# Subtest: shield intercepts targeted curse and self backfire, losing charges without renewing expiry
ok 44 - shield intercepts targeted curse and self backfire, losing charges without renewing expiry
  ---
  duration_ms: 76.3852
  ...
# Subtest: maintenance refreshes saved old styles, cures legacy overlap and restores the original at expiry
ok 45 - maintenance refreshes saved old styles, cures legacy overlap and restores the original at expiry
  ---
  duration_ms: 101.3708
  ...
# Subtest: old-style refresh and later cleanup never overwrite a manually chosen nickname
ok 46 - old-style refresh and later cleanup never overwrite a manually chosen nickname
  ---
  duration_ms: 90.7437
  ...
# Subtest: legacy null baseline without a display snapshot is preserved until safe final restoration
ok 47 - legacy null baseline without a display snapshot is preserved until safe final restoration
  ---
  duration_ms: 49.1609
  ...
# Subtest: unapplied combined nickname intents restore safely; manual edits are never overwritten
ok 48 - unapplied combined nickname intents restore safely; manual edits are never overwritten
  ---
  duration_ms: 126.089
  ...
# Subtest: cursed treats count actual delivered sweets toward a hidden goal and safely remove bot-owned role
ok 49 - cursed treats count actual delivered sweets toward a hidden goal and safely remove bot-owned role
  ---
  duration_ms: 159.5082
  ...
# Subtest: failed curse removal survives another hit and eventually removes only the bot-owned role
ok 50 - failed curse removal survives another hit and eventually removes only the bot-owned role
  ---
  duration_ms: 76.4956
  ...
# Subtest: pending/conflicting nickname restoration cannot be overwritten by a new reversal
ok 51 - pending/conflicting nickname restoration cannot be overwritten by a new reversal
  ---
  duration_ms: 71.7376
  ...
# Subtest: reversal skips existing spells and restores each newly selected original at closure
ok 52 - reversal skips existing spells and restores each newly selected original at closure
  ---
  duration_ms: 101.5894
  ...
# Subtest: no eligible reversal rolls back the action candy and operation
ok 53 - no eligible reversal rolls back the action candy and operation
  ---
  duration_ms: 28.1057
  ...
# Subtest: ordinary/double/cursed gifts use actual recipients, cap credits, and immunity shields both parties
ok 54 - ordinary/double/cursed gifts use actual recipients, cap credits, and immunity shields both parties
  ---
  duration_ms: 109.056
  ...
# Subtest: curse apply/spread/backfire are durable; break clears owned role with post-commit intent
ok 55 - curse apply/spread/backfire are durable; break clears owned role with post-commit intent
  ---
  duration_ms: 157.8222
  ...
# Subtest: nickname applies once and October cleanup restores null original; independent changes conflict safely
ok 56 - nickname applies once and October cleanup restores null original; independent changes conflict safely
  ---
  duration_ms: 95.7161
  ...
# Subtest: reversal restores at twelve hours and legacy month-long timers are shortened without baseline changes
ok 57 - reversal restores at twelve hours and legacy month-long timers are shortened without baseline changes
  ---
  duration_ms: 58.3682
  ...
# Subtest: Crown can be stolen and recaptured but first-win candy is not farmed
ok 58 - Crown can be stolen and recaptured but first-win candy is not farmed
  ---
  duration_ms: 80.6737
  ...
# Subtest: failed Discord delivery survives reconstruction and retry is idempotent
ok 59 - failed Discord delivery survives reconstruction and retry is idempotent
  ---
  duration_ms: 40.5228
  ...
# Subtest: Sweet Tooth crowns only the caller once; repeat outcomes cannot transfer it; Eye treat converts
ok 60 - Sweet Tooth crowns only the caller once; repeat outcomes cannot transfer it; Eye treat converts
  ---
  duration_ms: 40.4104
  ...
# Subtest: permission failures do not claim effects, existing roles are not removed and root failure rolls back intent
ok 61 - permission failures do not claim effects, existing roles are not removed and root failure rolls back intent
  ---
  duration_ms: 54.2597
  ...
# Subtest: delivery migration rollback/reapply preserves core tables
ok 62 - delivery migration rollback/reapply preserves core tables
  ---
  duration_ms: 10.0058
  ...
# Subtest: delivery retry detects state already applied before acknowledgment failure
ok 63 - delivery retry detects state already applied before acknowledgment failure
  ---
  duration_ms: 47.144
  ...
# Subtest: cleanup rolls back with its restoration intent and repeat worker receipt does not enqueue twice
ok 64 - cleanup rolls back with its restoration intent and repeat worker receipt does not enqueue twice
  ---
  duration_ms: 53.3938
  ...
1..64
# tests 64
# suites 0
# pass 64
# fail 0
# cancelled 0
# skipped 0
# todo 0
# duration_ms 10911.0928
