TAP version 13
# Subtest: private help/onboarding creates actual fate account atomically and never mentions others
ok 1 - private help/onboarding creates actual fate account atomically and never mentions others
  ---
  duration_ms: 237.9451
  ...
# Subtest: registration avatar and committed balances survive replay; re-registering grants no extra candy
ok 2 - registration avatar and committed balances survive replay; re-registering grants no extra candy
  ---
  duration_ms: 45.4025
  ...
# Subtest: registered targets are publicly tagged with strict user allowlist
ok 3 - registered targets are publicly tagged with strict user allowlist
  ---
  duration_ms: 80.0275
  ...
# Subtest: losing outcomes charge exactly one candy and remain flavorful private results
ok 4 - losing outcomes charge exactly one candy and remain flavorful private results
  ---
  duration_ms: 70.9079
  ...
# Spooky public delivery pending (discord:failed-cleanup): send failed
# Subtest: successful public results remove the private acknowledgement; failed delivery keeps a friendly warning
ok 5 - successful public results remove the private acknowledgement; failed delivery keeps a friendly warning
  ---
  duration_ms: 180.5001
  ...
# Subtest: nonregistered targets get one embed mention per 72h; later effects stay public without pinging
ok 6 - nonregistered targets get one embed mention per 72h; later effects stay public without pinging
  ---
  duration_ms: 98.8364
  ...
# Subtest: fate purchase publicly reveals quarter; replay retains render plan and debits only once
ok 7 - fate purchase publicly reveals quarter; replay retains render plan and debits only once
  ---
  duration_ms: 59.714
  ...
# Spooky public delivery pending (discord:theft): send failed
# Subtest: failed public notification does not refund or reroll committed theft
ok 8 - failed public notification does not refund or reroll committed theft
  ---
  duration_ms: 64.6849
  ...
# Subtest: membership failures and disabled events do not mutate or silently find rewards
ok 9 - membership failures and disabled events do not mutate or silently find rewards
  ---
  duration_ms: 46.8057
  ...
# Subtest: all effect recipient fields route publicly, with safe names and no false permanent badge claim
ok 10 - all effect recipient fields route publicly, with safe names and no false permanent badge claim
  ---
  duration_ms: 1.5494
  ...
# Subtest: slash definitions match help and route the authenticated interaction to the controller
ok 11 - slash definitions match help and route the authenticated interaction to the controller
  ---
  duration_ms: 3.4366
  ...
# Subtest: a newly completed character gets one prominent notification; later draws do not repeat completion
ok 12 - a newly completed character gets one prominent notification; later draws do not repeat completion
  ---
  duration_ms: 68.6035
  ...
# Subtest: collection shows total duplicate progress across characters
ok 13 - collection shows total duplicate progress across characters
  ---
  duration_ms: 29.4479
  ...
# Subtest: registered recipient references are spaced out; repeated immediate actions use names
ok 14 - registered recipient references are spaced out; repeated immediate actions use names
  ---
  duration_ms: 160.6408
  ...
# Subtest: Fate rewards use the Fate/Bank/Total design with committed cap-aware transitions
ok 15 - Fate rewards use the Fate/Bank/Total design with committed cap-aware transitions
  ---
  duration_ms: 7.5774
  ...
# Subtest: Fate-funded quarter shows its bank deduction once across duplicate reveals
ok 16 - Fate-funded quarter shows its bank deduction once across duplicate reveals
  ---
  duration_ms: 1.4252
  ...
# Subtest: legacy treat variants keep recipient safety, committed balances and avatar
ok 17 - legacy treat variants keep recipient safety, committed balances and avatar
  ---
  duration_ms: 25.496
  ...
# Subtest: crown fallback is playful and promises only the committed fate consolation
ok 18 - crown fallback is playful and promises only the committed fate consolation
  ---
  duration_ms: 1.6162
  ...
# Subtest: Eye finds and self rewards are public while unrewarded personal failures stay private
ok 19 - Eye finds and self rewards are public while unrewarded personal failures stay private
  ---
  duration_ms: 2.344
  ...
# Subtest: unregistered recipient gets one embed reference per rolling 72h across simultaneous actors, never self-pings
ok 20 - unregistered recipient gets one embed reference per rolling 72h across simultaneous actors, never self-pings
  ---
  duration_ms: 243.518
  ...
# Subtest: registered mentions are spaced 18h with four combined slots per 72h; guilds are separate
ok 21 - registered mentions are spaced 18h with four combined slots per 72h; guilds are separate
  ---
  duration_ms: 76.3551
  ...
# Subtest: cosmetic chance may skip eligible actions without spending allowance; replay cannot reroll
ok 22 - cosmetic chance may skip eligible actions without spending allowance; replay cannot reroll
  ---
  duration_ms: 27.2661
  ...
# Subtest: reservation rolls back with failed action; replay delivers once without adding a slot
ok 23 - reservation rolls back with failed action; replay delivers once without adding a slot
  ---
  duration_ms: 33.8181
  ...
# Subtest: registration and midnight never reset earlier reservations, including the previous daily policy
ok 24 - registration and midnight never reset earlier reservations, including the previous daily policy
  ---
  duration_ms: 33.0661
  ...
# Subtest: expired messages and admin resend copies use names; old top-level tag lines are stripped
ok 25 - expired messages and admin resend copies use names; old top-level tag lines are stripped
  ---
  duration_ms: 25.4918
  ...
# Subtest: uncertain delivery cannot release its reserved reference or automatically repeat it
ok 26 - uncertain delivery cannot release its reserved reference or automatically repeat it
  ---
  duration_ms: 25.2261
  ...
1..26
# tests 26
# suites 0
# pass 26
# fail 0
# cancelled 0
# skipped 0
# todo 0
# duration_ms 5823.0151
