TAP version 13
# Subtest: owner guard rejects moderators/administrators/bots/foreign guild and missing configuration
ok 1 - owner guard rejects moderators/administrators/bots/foreign guild and missing configuration
  ---
  duration_ms: 3.7237
  ...
# Subtest: stale Fate confirmation clicks are acknowledged without loading database models
ok 2 - stale Fate confirmation clicks are acknowledged without loading database models
  ---
  duration_ms: 1183.9349
  ...
# Subtest: admin access fails closed for every view and mismatched guild before database reads
ok 3 - admin access fails closed for every view and mismatched guild before database reads
  ---
  duration_ms: 195.4861
  ...
# Subtest: transaction activity identifies who acted, command, outcome and charged candy without mutating state
ok 4 - transaction activity identifies who acted, command, outcome and charged candy without mutating state
  ---
  duration_ms: 41.8499
  ...
# Subtest: inspection works with disabled play and validates explicit environment, limits, cursors and required player
ok 5 - inspection works with disabled play and validates explicit environment, limits, cursors and required player
  ---
  duration_ms: 31.6367
  ...
# Subtest: player inspection is complete stored state, reports eligibility without awarding or refilling
ok 6 - player inspection is complete stored state, reports eligibility without awarding or refilling
  ---
  duration_ms: 31.5113
  ...
# Subtest: transaction inspection is scoped, filtered and cursor paginated without mutations
ok 7 - transaction inspection is scoped, filtered and cursor paginated without mutations
  ---
  duration_ms: 40.5835
  ...
# Subtest: delivery inspection joins notification ownership before filtering and leaves ambiguous sends unchanged
ok 8 - delivery inspection joins notification ownership before filtering and leaves ambiguous sends unchanged
  ---
  duration_ms: 33.7787
  ...
# Subtest: read snapshot serializes with economy writes and survives failed reads
ok 9 - read snapshot serializes with economy writes and survives failed reads
  ---
  duration_ms: 28.7056
  ...
# Subtest: fresh member authorization is BOTADMIN-only even for administrators and configured roles
ok 10 - fresh member authorization is BOTADMIN-only even for administrators and configured roles
  ---
  duration_ms: 0.6359
  ...
# Subtest: admin adapter defers privately, enforces channels, suppresses mentions and bounds pages
ok 11 - admin adapter defers privately, enforces channels, suppresses mentions and bounds pages
  ---
  duration_ms: 6.3961
  ...
# Subtest: all controls require fresh authorization/reasons and explicit validated intent
ok 12 - all controls require fresh authorization/reasons and explicit validated intent
  ---
  duration_ms: 26.2829
  ...
# Subtest: clear queues bot-owned role restoration before removing closed/disabled effects; replay retains one intent
ok 13 - clear queues bot-owned role restoration before removing closed/disabled effects; replay retains one intent
  ---
  duration_ms: 42.1213
  ...
# Subtest: unowned curse roles survive clearing; stale add intent is cancelled without any role writes
ok 14 - unowned curse roles survive clearing; stale add intent is cancelled without any role writes
  ---
  duration_ms: 42.5174
  ...
# Subtest: nickname clear restores null safely, preserves independent edits, and targeted reconciliation skips other users
ok 15 - nickname clear restores null safely, preserves independent edits, and targeted reconciliation skips other users
  ---
  duration_ms: 50.8994
  ...
# Subtest: bad restoration metadata/missing delivery rolls back; post-commit role failure stays retryable
ok 16 - bad restoration metadata/missing delivery rolls back; post-commit role failure stays retryable
  ---
  duration_ms: 51.0066
  ...
# Subtest: pause/resume is durable, replay-bound and blocks ordinary acquisition; archive never reopens
ok 17 - pause/resume is durable, replay-bound and blocks ordinary acquisition; archive never reopens
  ---
  duration_ms: 33.2266
  ...
# Subtest: development reset rejects production/test/wrong storage and missing confirmation without deletion
ok 18 - development reset rejects production/test/wrong storage and missing confirmation without deletion
  ---
  duration_ms: 36.2947
  ...
# Subtest: development reset preserves wallet/permanent sentinel/audit/other scopes, cancels pending awards and reports ambiguity
ok 19 - development reset preserves wallet/permanent sentinel/audit/other scopes, cancels pending awards and reports ambiguity
  ---
  duration_ms: 82.7956
  ...
# Subtest: failed reset restoration rolls back the entire participant, inventory, effects and projection changes
ok 20 - failed reset restoration rolls back the entire participant, inventory, effects and projection changes
  ---
  duration_ms: 35.413
  ...
# Subtest: control adapter defers privately and reconciles only after commit with the trusted target scope
ok 21 - control adapter defers privately and reconciles only after commit with the trusted target scope
  ---
  duration_ms: 0.7213
  ...
# Subtest: every repair requires fresh authorization, exact scope, a reason and bounded validated input
ok 22 - every repair requires fresh authorization, exact scope, a reason and bounded validated input
  ---
  duration_ms: 26.8192
  ...
# Subtest: candy corrections are bounded stored deltas, preserve partial anchors and discard full-cap surplus
ok 23 - candy corrections are bounded stored deltas, preserve partial anchors and discard full-cap surplus
  ---
  duration_ms: 52.7502
  ...
# Subtest: Eye correction converts at five atomically, concurrent replay never rerolls and altered payloads reject
ok 24 - Eye correction converts at five atomically, concurrent replay never rerolls and altered payloads reject
  ---
  duration_ms: 64.6976
  ...
# Subtest: grant correction exchanges exactly five extras, keeps first copies and replays one grant
ok 25 - grant correction exchanges exactly five extras, keeps first copies and replays one grant
  ---
  duration_ms: 25.7294
  ...
# Subtest: quarter removal corrects one copy only; only-copy removal requires explicit intent and changes eligibility
ok 26 - quarter removal corrects one copy only; only-copy removal requires explicit intent and changes eligibility
  ---
  duration_ms: 35.1886
  ...
# Subtest: repair finalization/RNG failure rolls back debit, grant, exchange and audit; retry succeeds
ok 27 - repair finalization/RNG failure rolls back debit, grant, exchange and audit; retry succeeds
  ---
  duration_ms: 73.0538
  ...
# Subtest: repairs bypass disabled/pause only, never closure/archive or required registration
ok 28 - repairs bypass disabled/pause only, never closure/archive or required registration
  ---
  duration_ms: 45.1577
  ...
# Spooky public delivery pending (discord:ui-repair): timeout
# Spooky public delivery pending (discord:ui-repair): Notification requires delivery inspection
# Subtest: repair adapter queues big awards for the player, keeps reasons private and survives public send failure/replay
ok 29 - repair adapter queues big awards for the player, keeps reasons private and survives public send failure/replay
  ---
  duration_ms: 47.6101
  ...
# Subtest: private help/onboarding creates actual fate account atomically and never mentions others
ok 30 - private help/onboarding creates actual fate account atomically and never mentions others
  ---
  duration_ms: 229.0781
  ...
# Subtest: registration avatar and committed balances survive replay; re-registering grants no extra candy
ok 31 - registration avatar and committed balances survive replay; re-registering grants no extra candy
  ---
  duration_ms: 47.7915
  ...
# Subtest: registered targets are publicly tagged with strict user allowlist
ok 32 - registered targets are publicly tagged with strict user allowlist
  ---
  duration_ms: 75.9088
  ...
# Subtest: losing outcomes charge exactly one candy and remain flavorful private results
ok 33 - losing outcomes charge exactly one candy and remain flavorful private results
  ---
  duration_ms: 71.1587
  ...
# Spooky public delivery pending (discord:failed-cleanup): send failed
# Subtest: successful public results remove the private acknowledgement; failed delivery keeps a friendly warning
ok 34 - successful public results remove the private acknowledgement; failed delivery keeps a friendly warning
  ---
  duration_ms: 117.4786
  ...
# Subtest: nonregistered targets remain public but untagged; actor-only effects stay private
ok 35 - nonregistered targets remain public but untagged; actor-only effects stay private
  ---
  duration_ms: 63.5221
  ...
# Subtest: fate purchase publicly reveals quarter; replay retains render plan and debits only once
ok 36 - fate purchase publicly reveals quarter; replay retains render plan and debits only once
  ---
  duration_ms: 48.5323
  ...
# Spooky public delivery pending (discord:theft): send failed
# Subtest: failed public notification does not refund or reroll committed theft
ok 37 - failed public notification does not refund or reroll committed theft
  ---
  duration_ms: 53.1839
  ...
# Subtest: membership failures and disabled events do not mutate or silently find rewards
ok 38 - membership failures and disabled events do not mutate or silently find rewards
  ---
  duration_ms: 39.0872
  ...
# Subtest: all effect recipient fields route publicly, with safe names and no false permanent badge claim
ok 39 - all effect recipient fields route publicly, with safe names and no false permanent badge claim
  ---
  duration_ms: 1.4289
  ...
# Subtest: slash definitions match help and route the authenticated interaction to the controller
ok 40 - slash definitions match help and route the authenticated interaction to the controller
  ---
  duration_ms: 3.3383
  ...
# Subtest: a newly completed character gets one prominent notification; later draws do not repeat completion
ok 41 - a newly completed character gets one prominent notification; later draws do not repeat completion
  ---
  duration_ms: 62.414
  ...
# Subtest: collection shows total duplicate progress across characters
ok 42 - collection shows total duplicate progress across characters
  ---
  duration_ms: 29.583
  ...
# Subtest: confirmation displays exact Bank/Fate projections and spends nothing on cancel or timeout
ok 43 - confirmation displays exact Bank/Fate projections and spends nothing on cancel or timeout
  ---
  duration_ms: 11.4737
  ...
# Subtest: other users/channels/guilds cannot confirm; simultaneous clicks acknowledge before one purchase
ok 44 - other users/channels/guilds cannot confirm; simultaneous clicks acknowledge before one purchase
  ---
  duration_ms: 1.9622
  ...
# Subtest: failed acknowledgement cannot spend; failed purchase clears collector and buttons
ok 45 - failed acknowledgement cannot spend; failed purchase clears collector and buttons
  ---
  duration_ms: 2.3099
  ...
# Subtest: bank-only purchase uses actual User model and leaves unbanked fate/candy/Eyes unchanged
ok 46 - bank-only purchase uses actual User model and leaves unbanked fate/candy/Eyes unchanged
  ---
  duration_ms: 223.8754
  ...
# Subtest: insufficient combined wallet and missing/invalid accounts fail safely
ok 47 - insufficient combined wallet and missing/invalid accounts fail safely
  ---
  duration_ms: 37.331
  ...
# Subtest: authorization fails closed and cannot buy for a different actor
ok 48 - authorization fails closed and cannot buy for a different actor
  ---
  duration_ms: 27.0585
  ...
# Subtest: any registered bank holder may purchase without Unwanted/admin role claims
ok 49 - any registered bank holder may purchase without Unwanted/admin role claims
  ---
  duration_ms: 32.5611
  ...
# Subtest: same interaction replays one debit and award; distinct purchases have no daily ceiling
ok 50 - same interaction replays one debit and award; distinct purchases have no daily ceiling
  ---
  duration_ms: 222.4119
  ...
# Subtest: concurrent purchases compete for the same final ten bank points
ok 51 - concurrent purchases compete for the same final ten bank points
  ---
  duration_ms: 30.5553
  ...
# Subtest: award failure rolls back bank and ledger, and retry is safe
ok 52 - award failure rolls back bank and ledger, and retry is safe
  ---
  duration_ms: 33.0148
  ...
# Subtest: fate draw triggering the fifth duplicate exchanges it in the same receipt
ok 53 - fate draw triggering the fifth duplicate exchanges it in the same receipt
  ---
  duration_ms: 31.9711
  ...
# Subtest: disabled/closed/paused/unregistered/wrong guild purchases leave the shared bank untouched
ok 54 - disabled/closed/paused/unregistered/wrong guild purchases leave the shared bank untouched
  ---
  duration_ms: 42.5438
  ...
# Subtest: mixed Bank/Fate payment and Fate-only payment debit ten exactly with matching ledger
ok 55 - mixed Bank/Fate payment and Fate-only payment debit ten exactly with matching ledger
  ---
  duration_ms: 59.9649
  ...
# Subtest: wallet drift invalidates a confirmation instead of switching which balance pays
ok 56 - wallet drift invalidates a confirmation instead of switching which balance pays
  ---
  duration_ms: 24.668
  ...
# Subtest: failed quarter or receipt finalization rolls back both wallets, inventory and ledger
ok 57 - failed quarter or receipt finalization rolls back both wallets, inventory and ledger
  ---
  duration_ms: 27.8102
  ...
# Subtest: Fate rarity thresholds differ from Eye draws without changing missing-piece exchange
ok 58 - Fate rarity thresholds differ from Eye draws without changing missing-piece exchange
  ---
  duration_ms: 133.8111
  ...
1..58
# tests 58
# suites 0
# pass 58
# fail 0
# cancelled 0
# skipped 0
# todo 0
# duration_ms 8994.6419
