TAP version 13
# Subtest: confirmation displays exact Bank/Fate projections and spends nothing on cancel or timeout
ok 1 - confirmation displays exact Bank/Fate projections and spends nothing on cancel or timeout
  ---
  duration_ms: 11.5787
  ...
# Subtest: other users/channels/guilds cannot confirm; simultaneous clicks acknowledge before one purchase
ok 2 - other users/channels/guilds cannot confirm; simultaneous clicks acknowledge before one purchase
  ---
  duration_ms: 1.9702
  ...
# Subtest: failed acknowledgement cannot spend; failed purchase clears collector and buttons
ok 3 - failed acknowledgement cannot spend; failed purchase clears collector and buttons
  ---
  duration_ms: 2.3737
  ...
1..3
# tests 3
# suites 0
# pass 3
# fail 0
# cancelled 0
# skipped 0
# todo 0
# duration_ms 1209.9805
