TAP version 13
# Subtest: every normal table interval is reachable with exact boundaries and no independent Eye roll
ok 1 - every normal table interval is reachable with exact boundaries and no independent Eye roll
  ---
  duration_ms: 3.2395
  ...
# Subtest: curse override boundary preserves 10%, 20/80 treat split and normal table selection
ok 2 - curse override boundary preserves 10%, 20/80 treat split and normal table selection
  ---
  duration_ms: 4.7958
  ...
# Subtest: successful theft spends candy before credit, records activity and concurrent replay runs once
ok 3 - successful theft spends candy before credit, records activity and concurrent replay runs once
  ---
  duration_ms: 243.0527
  ...
# Subtest: break curse and cursed distributions each cost one regardless of delivered gifts
ok 4 - break curse and cursed distributions each cost one regardless of delivered gifts
  ---
  duration_ms: 61.0399
  ...
# Subtest: effect failure, no-target rejection and missing handler refund all writes without rerolling
ok 5 - effect failure, no-target rejection and missing handler refund all writes without rerolling
  ---
  duration_ms: 51.6787
  ...
# Subtest: explicit paid no-effect outcome costs one; insufficient/paused/unregistered actions fail safely
ok 6 - explicit paid no-effect outcome costs one; insufficient/paused/unregistered actions fail safely
  ---
  duration_ms: 40.0142
  ...
# Subtest: choice wait holds no transaction; pause, depleted candy and changed curse roll back without a second roll
ok 7 - choice wait holds no transaction; pause, depleted candy and changed curse roll back without a second roll
  ---
  duration_ms: 81.4203
  ...
# Subtest: private help/onboarding creates actual fate account atomically and never mentions others
ok 8 - private help/onboarding creates actual fate account atomically and never mentions others
  ---
  duration_ms: 233.0757
  ...
# Subtest: leaderboard is public while collection and help remain private
ok 9 - leaderboard is public while collection and help remain private
  ---
  duration_ms: 36.2835
  ...
# Subtest: chosen shield recipient commits one action cost; replay skips the choice and random rolls
ok 10 - chosen shield recipient commits one action cost; replay skips the choice and random rolls
  ---
  duration_ms: 129.1451
  ...
# Subtest: registration avatar and committed balances survive replay; re-registering grants no extra candy
ok 11 - registration avatar and committed balances survive replay; re-registering grants no extra candy
  ---
  duration_ms: 33.4369
  ...
# Subtest: registered targets are publicly tagged with strict user allowlist
ok 12 - registered targets are publicly tagged with strict user allowlist
  ---
  duration_ms: 81.489
  ...
# Subtest: losing outcomes charge exactly one candy and remain flavorful private results
ok 13 - losing outcomes charge exactly one candy and remain flavorful private results
  ---
  duration_ms: 92.7499
  ...
# Spooky public delivery pending (discord:failed-cleanup): send failed
# Subtest: successful public results remove the private acknowledgement; failed delivery keeps a friendly warning
ok 14 - successful public results remove the private acknowledgement; failed delivery keeps a friendly warning
  ---
  duration_ms: 111.9632
  ...
# Subtest: nonregistered targets get one embed mention per 72h; later effects stay public without pinging
ok 15 - nonregistered targets get one embed mention per 72h; later effects stay public without pinging
  ---
  duration_ms: 99.5997
  ...
# Subtest: fate purchase publicly reveals quarter; replay retains render plan and debits only once
ok 16 - fate purchase publicly reveals quarter; replay retains render plan and debits only once
  ---
  duration_ms: 62.734
  ...
# Spooky public delivery pending (discord:theft): send failed
# Subtest: failed public notification does not refund or reroll committed theft
ok 17 - failed public notification does not refund or reroll committed theft
  ---
  duration_ms: 54.4431
  ...
# Subtest: membership failures and disabled events do not mutate or silently find rewards
ok 18 - membership failures and disabled events do not mutate or silently find rewards
  ---
  duration_ms: 47.0914
  ...
# Subtest: all effect recipient fields route publicly, with safe names and no false permanent badge claim
ok 19 - all effect recipient fields route publicly, with safe names and no false permanent badge claim
  ---
  duration_ms: 1.2967
  ...
# Subtest: slash definitions match help and route the authenticated interaction to the controller
ok 20 - slash definitions match help and route the authenticated interaction to the controller
  ---
  duration_ms: 3.5003
  ...
# Subtest: a newly completed character gets one prominent notification; later draws do not repeat completion
ok 21 - a newly completed character gets one prominent notification; later draws do not repeat completion
  ---
  duration_ms: 64.9728
  ...
# Subtest: collection shows total duplicate progress across characters
ok 22 - collection shows total duplicate progress across characters
  ---
  duration_ms: 33.1718
  ...
# Subtest: registered recipient references are spaced out; repeated immediate actions use names
ok 23 - registered recipient references are spaced out; repeated immediate actions use names
  ---
  duration_ms: 206.6702
  ...
# Subtest: self curse cannot renew; target choices omit existing curses and shields
ok 24 - self curse cannot renew; target choices omit existing curses and shields
  ---
  duration_ms: 311.5475
  ...
# Subtest: shield is recipient-only above 20%; repeat shared protection never renews caller
ok 25 - shield is recipient-only above 20%; repeat shared protection never renews caller
  ---
  duration_ms: 121.3021
  ...
# Subtest: curse/shield nicknames compose and restore the original at break, expiry and closure
ok 26 - curse/shield nicknames compose and restore the original at break, expiry and closure
  ---
  duration_ms: 138.4593
  ...
# Subtest: unapplied combined nickname intents restore safely; manual edits are never overwritten
ok 27 - unapplied combined nickname intents restore safely; manual edits are never overwritten
  ---
  duration_ms: 105.4131
  ...
# Subtest: cursed treats count actual delivered sweets toward a hidden goal and safely remove bot-owned role
ok 28 - cursed treats count actual delivered sweets toward a hidden goal and safely remove bot-owned role
  ---
  duration_ms: 150.6626
  ...
# Subtest: failed curse removal survives another hit and eventually removes only the bot-owned role
ok 29 - failed curse removal survives another hit and eventually removes only the bot-owned role
  ---
  duration_ms: 83.9139
  ...
# Subtest: pending/conflicting nickname restoration cannot be overwritten by a new reversal
ok 30 - pending/conflicting nickname restoration cannot be overwritten by a new reversal
  ---
  duration_ms: 70.2758
  ...
# Subtest: ordinary/double/cursed gifts use actual recipients, cap credits, and immunity shields both parties
ok 31 - ordinary/double/cursed gifts use actual recipients, cap credits, and immunity shields both parties
  ---
  duration_ms: 129.6406
  ...
# Subtest: curse apply/spread/backfire are durable; break clears owned role with post-commit intent
ok 32 - curse apply/spread/backfire are durable; break clears owned role with post-commit intent
  ---
  duration_ms: 149.2102
  ...
# Subtest: nickname applies once and October cleanup restores null original; independent changes conflict safely
ok 33 - nickname applies once and October cleanup restores null original; independent changes conflict safely
  ---
  duration_ms: 72.4778
  ...
# Subtest: failed Discord delivery survives reconstruction and retry is idempotent
ok 34 - failed Discord delivery survives reconstruction and retry is idempotent
  ---
  duration_ms: 27.9346
  ...
# Subtest: Sweet Tooth crowns only the caller once; repeat outcomes cannot transfer it; Eye treat converts
ok 35 - Sweet Tooth crowns only the caller once; repeat outcomes cannot transfer it; Eye treat converts
  ---
  duration_ms: 47.4096
  ...
# Subtest: permission failures do not claim effects, existing roles are not removed and root failure rolls back intent
ok 36 - permission failures do not claim effects, existing roles are not removed and root failure rolls back intent
  ---
  duration_ms: 56.9932
  ...
# Subtest: delivery migration rollback/reapply preserves core tables
ok 37 - delivery migration rollback/reapply preserves core tables
  ---
  duration_ms: 10.8992
  ...
# Subtest: delivery retry detects state already applied before acknowledgment failure
ok 38 - delivery retry detects state already applied before acknowledgment failure
  ---
  duration_ms: 25.7281
  ...
# Subtest: cleanup rolls back with its restoration intent and repeat worker receipt does not enqueue twice
ok 39 - cleanup rolls back with its restoration intent and repeat worker receipt does not enqueue twice
  ---
  duration_ms: 51.9806
  ...
# Subtest: three choices enforce ownership and acknowledge one selection before finishing
ok 40 - three choices enforce ownership and acknowledge one selection before finishing
  ---
  duration_ms: 10.0187
  ...
# Subtest: timeout uses a frozen displayed fallback; acknowledgement failure cannot select
ok 41 - timeout uses a frozen displayed fallback; acknowledgement failure cannot select
  ---
  duration_ms: 3.0369
  ...
1..41
# tests 41
# suites 0
# pass 41
# fail 0
# cancelled 0
# skipped 0
# todo 0
# duration_ms 7107.0688
