TAP version 13
# Subtest: progress uses live per-level XP threshold and bounds the bar
ok 1 - progress uses live per-level XP threshold and bounds the bar
  ---
  duration_ms: 3.381
  ...
# Subtest: badge strip is newest first with deterministic ties and no unknown ownership
ok 2 - badge strip is newest first with deterministic ties and no unknown ownership
  ---
  duration_ms: 15.6084
  ...
# Subtest: large badge catalog displays only ten newest owned badges
ok 3 - large badge catalog displays only ten newest owned badges
  ---
  duration_ms: 1.1549
  ...
# Subtest: renderer produces PNG for Unicode/XML names, empty badges and overflow XP
ok 4 - renderer produces PNG for Unicode/XML names, empty badges and overflow XP
  ---
  duration_ms: 376.5814
  ...
# Subtest: image fetch restricts hosts, size and redirects
ok 5 - image fetch restricts hosts, size and redirects
  ---
  duration_ms: 24.6781
  ...
# Subtest: reminders stay private, actor-scoped and excluded from birthday/level test previews
ok 6 - reminders stay private, actor-scoped and excluded from birthday/level test previews
  ---
  duration_ms: 469.4132
  ...
# Subtest: chat DM failure never attempts a public fallback
ok 7 - chat DM failure never attempts a public fallback
  ---
  duration_ms: 1.3763
  ...
# Subtest: maintenance creates no scheduler or storage service in production
ok 8 - maintenance creates no scheduler or storage service in production
  ---
  duration_ms: 1.8224
  ...
# Subtest: private help/onboarding creates actual fate account atomically and never mentions others
ok 9 - private help/onboarding creates actual fate account atomically and never mentions others
  ---
  duration_ms: 675.329
  ...
# Subtest: ordinary candy actions skip inventory/access scans and publish before operation-only projections
ok 10 - ordinary candy actions skip inventory/access scans and publish before operation-only projections
  ---
  duration_ms: 141.2125
  ...
# Subtest: leaderboard is public while collection and help remain private
ok 11 - leaderboard is public while collection and help remain private
  ---
  duration_ms: 36.8666
  ...
# Subtest: public leaderboard uses latest earned badge emoji and defaults to supplied Selene art
ok 12 - public leaderboard uses latest earned badge emoji and defaults to supplied Selene art
  ---
  duration_ms: 35.1377
  ...
# Subtest: GIF rotation reads durable root history, charges once and preserves saved replay
ok 13 - GIF rotation reads durable root history, charges once and preserves saved replay
  ---
  duration_ms: 140.4085
  ...
# Subtest: chosen shield recipient commits one action cost; replay skips the choice and random rolls
ok 14 - chosen shield recipient commits one action cost; replay skips the choice and random rolls
  ---
  duration_ms: 111.9891
  ...
# Subtest: break-curse skips a lone target, offers two/three choices and saves one paid result
ok 15 - break-curse skips a lone target, offers two/three choices and saves one paid result
  ---
  duration_ms: 490.534
  ...
# Subtest: registration avatar and committed balances survive replay; re-registering grants no extra candy
ok 16 - registration avatar and committed balances survive replay; re-registering grants no extra candy
  ---
  duration_ms: 51.1539
  ...
# Subtest: registered targets are publicly tagged with strict user allowlist
ok 17 - registered targets are publicly tagged with strict user allowlist
  ---
  duration_ms: 100.7611
  ...
# Subtest: losing outcomes charge exactly one candy and remain flavorful private results
ok 18 - losing outcomes charge exactly one candy and remain flavorful private results
  ---
  duration_ms: 99.1671
  ...
# Spooky public delivery pending (discord:failed-cleanup): send failed
# Subtest: successful public results remove the private acknowledgement; failed delivery keeps a friendly warning
ok 19 - successful public results remove the private acknowledgement; failed delivery keeps a friendly warning
  ---
  duration_ms: 158.6179
  ...
# Subtest: nonregistered targets get one embed mention per 72h; later effects stay public without pinging
ok 20 - nonregistered targets get one embed mention per 72h; later effects stay public without pinging
  ---
  duration_ms: 164.716
  ...
# Subtest: fate purchase publicly reveals quarter; replay retains render plan and debits only once
ok 21 - fate purchase publicly reveals quarter; replay retains render plan and debits only once
  ---
  duration_ms: 55.709
  ...
# Spooky public delivery pending (discord:theft): send failed
# Subtest: failed public notification does not refund or reroll committed theft
ok 22 - failed public notification does not refund or reroll committed theft
  ---
  duration_ms: 75.2881
  ...
# Subtest: membership failures and disabled events do not mutate or silently find rewards
ok 23 - membership failures and disabled events do not mutate or silently find rewards
  ---
  duration_ms: 52.0645
  ...
# Subtest: all effect recipient fields route publicly, with safe names and no false permanent badge claim
ok 24 - all effect recipient fields route publicly, with safe names and no false permanent badge claim
  ---
  duration_ms: 1.2208
  ...
# Subtest: slash definitions match help and route the authenticated interaction to the controller
ok 25 - slash definitions match help and route the authenticated interaction to the controller
  ---
  duration_ms: 3.7349
  ...
# Subtest: a newly completed character gets one prominent notification; later draws do not repeat completion
ok 26 - a newly completed character gets one prominent notification; later draws do not repeat completion
  ---
  duration_ms: 71.6095
  ...
# Subtest: collection shows total duplicate progress across characters
ok 27 - collection shows total duplicate progress across characters
  ---
  duration_ms: 31.8111
  ...
# Subtest: registered recipient references are spaced out; repeated immediate actions use names
ok 28 - registered recipient references are spaced out; repeated immediate actions use names
  ---
  duration_ms: 259.4497
  ...
# Subtest: audited cancellation during delayed eligibility prevents API dispatch
ok 29 - audited cancellation during delayed eligibility prevents API dispatch
  ---
  duration_ms: 309.8306
  ...
# Subtest: player queue filtering uses original ownership before cursor/limit and respects guild scope
ok 30 - player queue filtering uses original ownership before cursor/limit and respects guild scope
  ---
  duration_ms: 83.4562
  ...
# Subtest: display names cannot inject masked links, Markdown or mentions into public results
ok 31 - display names cannot inject masked links, Markdown or mentions into public results
  ---
  duration_ms: 1171.5715
  ...
# Subtest: achievement award and capped bank credit are atomic, concurrent-idempotent and preserve old over-cap balances
ok 32 - achievement award and capped bank credit are atomic, concurrent-idempotent and preserve old over-cap balances
  ---
  duration_ms: 60.946
  ...
# Subtest: idle closed maintenance validates proof and reconciles pending projections without creating operations
ok 33 - idle closed maintenance validates proof and reconciles pending projections without creating operations
  ---
  duration_ms: 75.7942
  ...
# Subtest: full testing reset clears this event and Crown eligibility, preserves other badges/wallet/history, and replays safely
ok 34 - full testing reset clears this event and Crown eligibility, preserves other badges/wallet/history, and replays safely
  ---
  duration_ms: 126.5053
  ...
# Subtest: full testing reset rolls back registration and badge deletion if the badge write fails
ok 35 - full testing reset rolls back registration and badge deletion if the badge write fails
  ---
  duration_ms: 52.9619
  ...
# Subtest: finishing Selene emits one completion with main badge, token thumbnail and bank transition; duplicate is clearly labeled
ok 36 - finishing Selene emits one completion with main badge, token thumbnail and bank transition; duplicate is clearly labeled
  ---
  duration_ms: 5.797
  ...
# Subtest: development badge settings never enable production or another guild and reset stays under the admin event group
ok 37 - development badge settings never enable production or another guild and reset stays under the admin event group
  ---
  duration_ms: 15.7397
  ...
# Subtest: shared bank rewards and level overflow do not silently clamp existing above-cap balances
ok 38 - shared bank rewards and level overflow do not silently clamp existing above-cap balances
  ---
  duration_ms: 34.1011
  ...
1..38
# tests 38
# suites 0
# pass 38
# fail 0
# cancelled 0
# skipped 0
# todo 0
# duration_ms 8153.6633
