TAP version 13
# Subtest: launch configuration is explicit, disabled in unselected environments and refuses missing roles/channels
ok 1 - launch configuration is explicit, disabled in unselected environments and refuses missing roles/channels
  ---
  duration_ms: 27.2247
  ...
# Subtest: cooldown spans midnight, user/day cap resets at Pacific midnight and rejected message replays remain rejected
ok 2 - cooldown spans midnight, user/day cap resets at Pacific midnight and rejected message replays remain rejected
  ---
  duration_ms: 332.5307
  ...
# Subtest: simultaneous messages respect 24 server points and durable replay never earns twice
ok 3 - simultaneous messages respect 24 server points and durable replay never earns twice
  ---
  duration_ms: 239.2084
  ...
# Subtest: a communal level credits every current campaign player once, caps Fate without touching Bank, and keeps flat XP progression
ok 4 - a communal level credits every current campaign player once, caps Fate without touching Bank, and keeps flat XP progression
  ---
  duration_ms: 66.4267
  ...
# Subtest: roster/network or invalid wallet failure rolls back XP and all rewards; retry survives service recreation
ok 5 - roster/network or invalid wallet failure rolls back XP and all rewards; retry survives service recreation
  ---
  duration_ms: 60.5771
  ...
# Subtest: disabled and wrong guild paths create no community state
ok 6 - disabled and wrong guild paths create no community state
  ---
  duration_ms: 8.3578
  ...
# Subtest: actual disk reopen preserves daily counts, saved rewards and replay without recreating tables
ok 7 - actual disk reopen preserves daily counts, saved rewards and replay without recreating tables
  ---
  duration_ms: 137.1555
  ...
# Subtest: new launch purchase policy is selected only for the explicitly activated environment
ok 8 - new launch purchase policy is selected only for the explicitly activated environment
  ---
  duration_ms: 15.2684
  ...
# Subtest: Spooky channel and threads award no XP/Fate while cursed messages still run
ok 9 - Spooky channel and threads award no XP/Fate while cursed messages still run
  ---
  duration_ms: 1617.8422
  ...
# Error updating community progression: Community test unavailable
# Error updating chat progression: message.author.displayAvatarURL is not a function
# Subtest: community launch preserves personal XP but replaces personal Fate; pipeline failure does not block seasonal processing
ok 10 - community launch preserves personal XP but replaces personal Fate; pipeline failure does not block seasonal processing
  ---
  duration_ms: 19.8422
  ...
# Subtest: slash commands, interaction messages and bot/webhook output cannot award message XP anywhere
ok 11 - slash commands, interaction messages and bot/webhook output cannot award message XP anywhere
  ---
  duration_ms: 6.9456
  ...
# Subtest: ordinary chat outside Spooky keeps legacy XP and selected-guild isolation
ok 12 - ordinary chat outside Spooky keeps legacy XP and selected-guild isolation
  ---
  duration_ms: 14.9905
  ...
# Subtest: progress uses live per-level XP threshold and bounds the bar
ok 13 - progress uses live per-level XP threshold and bounds the bar
  ---
  duration_ms: 2.8107
  ...
# Subtest: badge strip is newest first with deterministic ties and no unknown ownership
ok 14 - badge strip is newest first with deterministic ties and no unknown ownership
  ---
  duration_ms: 15.9734
  ...
# Subtest: large badge catalog displays only ten newest owned badges
ok 15 - large badge catalog displays only ten newest owned badges
  ---
  duration_ms: 1.1259
  ...
# Subtest: renderer produces PNG for Unicode/XML names, empty badges and overflow XP
ok 16 - renderer produces PNG for Unicode/XML names, empty badges and overflow XP
  ---
  duration_ms: 623.8548
  ...
# Subtest: image fetch restricts hosts, size and redirects
ok 17 - image fetch restricts hosts, size and redirects
  ---
  duration_ms: 26.2518
  ...
# Subtest: profile reads existing and absent players without writes and sends PNG attachment
ok 18 - profile reads existing and absent players without writes and sends PNG attachment
  ---
  duration_ms: 120.9698
  ...
# Subtest: missing badges/avatar permit card and render failure closes deferred response
ok 19 - missing badges/avatar permit card and render failure closes deferred response
  ---
  duration_ms: 9.1303
  ...
# Subtest: member option uses their wallet and guild-scoped newest badges
ok 20 - member option uses their wallet and guild-scoped newest badges
  ---
  duration_ms: 7.411
  ...
# Subtest: profile definition supports optional member and disables DMs
ok 21 - profile definition supports optional member and disables DMs
  ---
  duration_ms: 6.3541
  ...
# Subtest: Admin card label comes from the selected member role
ok 22 - Admin card label comes from the selected member role
  ---
  duration_ms: 5.9987
  ...
# Subtest: profile shows only selected member ownership, regardless of available server badges/emojis
ok 23 - profile shows only selected member ownership, regardless of available server badges/emojis
  ---
  duration_ms: 16.2587
  ...
# Subtest: profile wrapper rejects production and wrong guild before loading storage
ok 24 - profile wrapper rejects production and wrong guild before loading storage
  ---
  duration_ms: 0.8145
  ...
# Subtest: profile is available to runtime and registration only in explicit development
ok 25 - profile is available to runtime and registration only in explicit development
  ---
  duration_ms: 1167.4193
  ...
# Subtest: merged deployment registry keeps Spooky in both environments and profile only in development
ok 26 - merged deployment registry keeps Spooky in both environments and profile only in development
  ---
  duration_ms: 722.3045
  ...
# Subtest: occasion arrows reflect actual changes and cap-limited awards, with no invented adjustments on normal profiles
ok 27 - occasion arrows reflect actual changes and cap-limited awards, with no invented adjustments on normal profiles
  ---
  duration_ms: 26.4743
  ...
# Subtest: original eye uses normalized thresholds and all five stages render independently
ok 28 - original eye uses normalized thresholds and all five stages render independently
  ---
  duration_ms: 12.4309
  ...
# Subtest: level-up and birthday cards retain dimensions, Unicode names and only owned badges with Sanity artwork
ok 29 - level-up and birthday cards retain dimensions, Unicode names and only owned badges with Sanity artwork
  ---
  duration_ms: 308.0424
  ...
# Subtest: automatic artwork remains development-only and uses committed snapshots rather than reading a new Fate balance
ok 30 - automatic artwork remains development-only and uses committed snapshots rather than reading a new Fate balance
  ---
  duration_ms: 1539.2923
  ...
# Subtest: Sanity selection is development-only and never inherits test/production activation
ok 31 - Sanity selection is development-only and never inherits test/production activation
  ---
  duration_ms: 1.8993
  ...
# Subtest: starts at fifty, earns two every thirty minutes up to eight/day, and message replay does not earn or reset activity twice
ok 32 - starts at fifty, earns two every thirty minutes up to eight/day, and message replay does not earn or reset activity twice
  ---
  duration_ms: 241.2934
  ...
# Subtest: 48-hour grace followed by whole daily decay ticks is lazy, durable, bounded, and not refreshed by viewing
ok 33 - 48-hour grace followed by whole daily decay ticks is lazy, durable, bounded, and not refreshed by viewing
  ---
  duration_ms: 36.124
  ...
# Subtest: Sanity spend shares the root transaction, rolls back on failure and rejects stale confirmations
ok 34 - Sanity spend shares the root transaction, rolls back on failure and rejects stale confirmations
  ---
  duration_ms: 17.7375
  ...
# Subtest: community launch purchases spend normal Fate only, never special Bank, with durable replay
ok 35 - community launch purchases spend normal Fate only, never special Bank, with durable replay
  ---
  duration_ms: 256.3229
  ...
# Subtest: development Sanity purchases debit only Sanity once, preserve Fate/Bank, and roll back a failed draw
ok 36 - development Sanity purchases debit only Sanity once, preserve Fate/Bank, and roll back a failed draw
  ---
  duration_ms: 92.3451
  ...
# Subtest: bank-only purchase uses actual User model and leaves unbanked fate/candy/Eyes unchanged
ok 37 - bank-only purchase uses actual User model and leaves unbanked fate/candy/Eyes unchanged
  ---
  duration_ms: 34.1401
  ...
# Subtest: insufficient combined wallet and missing/invalid accounts fail safely
ok 38 - insufficient combined wallet and missing/invalid accounts fail safely
  ---
  duration_ms: 35.5326
  ...
# Subtest: authorization fails closed and cannot buy for a different actor
ok 39 - authorization fails closed and cannot buy for a different actor
  ---
  duration_ms: 20.9372
  ...
# Subtest: any registered bank holder may purchase without Unwanted/admin role claims
ok 40 - any registered bank holder may purchase without Unwanted/admin role claims
  ---
  duration_ms: 34.6641
  ...
# Subtest: same interaction replays one debit and award; distinct purchases have no daily ceiling
ok 41 - same interaction replays one debit and award; distinct purchases have no daily ceiling
  ---
  duration_ms: 235.0146
  ...
# Subtest: concurrent purchases compete for the same final ten bank points
ok 42 - concurrent purchases compete for the same final ten bank points
  ---
  duration_ms: 27.9574
  ...
# Subtest: award failure rolls back bank and ledger, and retry is safe
ok 43 - award failure rolls back bank and ledger, and retry is safe
  ---
  duration_ms: 38.9221
  ...
# Subtest: fate draw triggering the fifth duplicate exchanges it in the same receipt
ok 44 - fate draw triggering the fifth duplicate exchanges it in the same receipt
  ---
  duration_ms: 30.7478
  ...
# Subtest: disabled/closed/paused/unregistered/wrong guild purchases leave the shared bank untouched
ok 45 - disabled/closed/paused/unregistered/wrong guild purchases leave the shared bank untouched
  ---
  duration_ms: 43.007
  ...
# Subtest: mixed Bank/Fate payment and Fate-only payment debit ten exactly with matching ledger
ok 46 - mixed Bank/Fate payment and Fate-only payment debit ten exactly with matching ledger
  ---
  duration_ms: 58.3274
  ...
# Subtest: wallet drift invalidates a confirmation instead of switching which balance pays
ok 47 - wallet drift invalidates a confirmation instead of switching which balance pays
  ---
  duration_ms: 21.9201
  ...
# Subtest: failed quarter or receipt finalization rolls back both wallets, inventory and ledger
ok 48 - failed quarter or receipt finalization rolls back both wallets, inventory and ledger
  ---
  duration_ms: 26.2696
  ...
# Subtest: Fate rarity thresholds differ from Eye draws without changing missing-piece exchange
ok 49 - Fate rarity thresholds differ from Eye draws without changing missing-piece exchange
  ---
  duration_ms: 112.3071
  ...
1..49
# tests 49
# suites 0
# pass 49
# fail 0
# cancelled 0
# skipped 0
# todo 0
# duration_ms 12891.0913
