TAP version 13
# Subtest: default is development; database paths are independent of working directory
ok 1 - default is development; database paths are independent of working directory
  ---
  duration_ms: 3.2363
  ...
# Subtest: unknown environments fail closed
ok 2 - unknown environments fail closed
  ---
  duration_ms: 0.7309
  ...
# Subtest: isolated development checkout can retain authoritative storage without redirecting production or test
ok 3 - isolated development checkout can retain authoritative storage without redirecting production or test
  ---
  duration_ms: 25.9228
  ...
# Subtest: test environment is always memory-only and cannot load Discord credentials
ok 4 - test environment is always memory-only and cannot load Discord credentials
  ---
  duration_ms: 0.5794
  ...
# Subtest: selected file overrides inherited credentials and removes other-environment keys
ok 5 - selected file overrides inherited credentials and removes other-environment keys
  ---
  duration_ms: 8.9716
  ...
# Subtest: missing selected credentials cannot fall back to inherited values
ok 6 - missing selected credentials cannot fall back to inherited values
  ---
  duration_ms: 6.1069
  ...
# Subtest: development and production cannot use the same guild
ok 7 - development and production cannot use the same guild
  ---
  duration_ms: 6.7435
  ...
# Subtest: missing files and conflicting file environments fail before mutation
ok 8 - missing files and conflicting file environments fail before mutation
  ---
  duration_ms: 4.8092
  ...
# Subtest: actual Sequelize adapter uses disposable memory databases with isolated state
ok 9 - actual Sequelize adapter uses disposable memory databases with isolated state
  ---
  duration_ms: 632.447
  ...
# Subtest: profile reads existing and absent players without writes and sends PNG attachment
ok 10 - profile reads existing and absent players without writes and sends PNG attachment
  ---
  duration_ms: 159.7369
  ...
# Subtest: missing badges/avatar permit card and render failure closes deferred response
ok 11 - missing badges/avatar permit card and render failure closes deferred response
  ---
  duration_ms: 10.8966
  ...
# Subtest: member option uses their wallet and guild-scoped newest badges
ok 12 - member option uses their wallet and guild-scoped newest badges
  ---
  duration_ms: 9.6807
  ...
# Subtest: profile definition supports optional member and disables DMs
ok 13 - profile definition supports optional member and disables DMs
  ---
  duration_ms: 6.5055
  ...
# Subtest: Admin card label comes from the selected member role
ok 14 - Admin card label comes from the selected member role
  ---
  duration_ms: 8.1766
  ...
# Subtest: birthday and level previews are private and never change saved levels, currency or Sanity
ok 15 - birthday and level previews are private and never change saved levels, currency or Sanity
  ---
  duration_ms: 15.7085
  ...
# Subtest: profile shows only selected member ownership, regardless of available server badges/emojis
ok 16 - profile shows only selected member ownership, regardless of available server badges/emojis
  ---
  duration_ms: 24.788
  ...
# Subtest: profile wrapper rejects production and wrong guild before loading storage
ok 17 - profile wrapper rejects production and wrong guild before loading storage
  ---
  duration_ms: 0.9433
  ...
# Subtest: weekly Fate reminders have independent identity and a strict Unwanted-only role mention
ok 18 - weekly Fate reminders have independent identity and a strict Unwanted-only role mention
  ---
  duration_ms: 285.6051
  ...
# Subtest: reminder settings fail closed; payload mentions only configured Resident roles
ok 19 - reminder settings fail closed; payload mentions only configured Resident roles
  ---
  duration_ms: 1.1175
  ...
# Subtest: latest due slot uses Pacific calendar days, local send time and exact October boundaries
ok 20 - latest due slot uses Pacific calendar days, local send time and exact October boundaries
  ---
  duration_ms: 0.9458
  ...
# Subtest: one durable reminder per slot survives restarts/concurrent ticks without resources
ok 21 - one durable reminder per slot survives restarts/concurrent ticks without resources
  ---
  duration_ms: 80.7292
  ...
# Subtest: crash after enqueue or channel lookup failure retries pending current slot; uncertain never retries
ok 22 - crash after enqueue or channel lookup failure retries pending current slot; uncertain never retries
  ---
  duration_ms: 75.4333
  ...
# Subtest: downtime expires pending older reminders and queues only the latest slot; foreign guild rows untouched
ok 23 - downtime expires pending older reminders and queues only the latest slot; foreign guild rows untouched
  ---
  duration_ms: 62.4525
  ...
# Subtest: paused/archived states suppress reminders without consuming due slot; disabled accesses no storage
ok 24 - paused/archived states suppress reminders without consuming due slot; disabled accesses no storage
  ---
  duration_ms: 44.5159
  ...
# Subtest: slow channel lookup crossing end/pause skips before claim; closure cancels pending without sending
ok 25 - slow channel lookup crossing end/pause skips before claim; closure cancels pending without sending
  ---
  duration_ms: 67.1033
  ...
# Subtest: wrong guild/channel fails before claim; changing configuration cancels pending old payload, never sends both
ok 26 - wrong guild/channel fails before claim; changing configuration cancels pending old payload, never sends both
  ---
  duration_ms: 46.5422
  ...
# Subtest: delayed database claim crossing closure releases unsent claim and expires it safely
ok 27 - delayed database claim crossing closure releases unsent claim and expires it safely
  ---
  duration_ms: 28.0425
  ...
# Subtest: outbox creation failure rolls back slot, ledger and notification; same-slot retry succeeds
ok 28 - outbox creation failure rolls back slot, ledger and notification; same-slot retry succeeds
  ---
  duration_ms: 33.5852
  ...
# Subtest: reminder failure does not block committed lifecycle maintenance; lifecycle failures still propagate
ok 29 - reminder failure does not block committed lifecycle maintenance; lifecycle failures still propagate
  ---
  duration_ms: 0.5276
  ...
1..29
# tests 29
# suites 0
# pass 29
# fail 0
# cancelled 0
# skipped 0
# todo 0
# duration_ms 4521.7369
