TAP version 13
# Subtest: progress uses live per-level XP threshold and bounds the bar
ok 1 - progress uses live per-level XP threshold and bounds the bar
  ---
  duration_ms: 2.698
  ...
# Subtest: badge strip is newest first with deterministic ties and no unknown ownership
ok 2 - badge strip is newest first with deterministic ties and no unknown ownership
  ---
  duration_ms: 14.4104
  ...
# Subtest: large badge catalog displays only ten newest owned badges
ok 3 - large badge catalog displays only ten newest owned badges
  ---
  duration_ms: 1.0815
  ...
# Subtest: renderer produces PNG for Unicode/XML names, empty badges and overflow XP
ok 4 - renderer produces PNG for Unicode/XML names, empty badges and overflow XP
  ---
  duration_ms: 348.8924
  ...
# Subtest: image fetch restricts hosts, size and redirects
ok 5 - image fetch restricts hosts, size and redirects
  ---
  duration_ms: 28.9096
  ...
# Subtest: profile reads existing and absent players without writes and sends PNG attachment
ok 6 - profile reads existing and absent players without writes and sends PNG attachment
  ---
  duration_ms: 123.6109
  ...
# Subtest: missing badges/avatar permit card and render failure closes deferred response
ok 7 - missing badges/avatar permit card and render failure closes deferred response
  ---
  duration_ms: 8.5215
  ...
# Subtest: member option uses their wallet and guild-scoped newest badges
ok 8 - member option uses their wallet and guild-scoped newest badges
  ---
  duration_ms: 7.5351
  ...
# Subtest: profile definition supports optional member and disables DMs
ok 9 - profile definition supports optional member and disables DMs
  ---
  duration_ms: 5.7827
  ...
# Subtest: Admin card label comes from the selected member role
ok 10 - Admin card label comes from the selected member role
  ---
  duration_ms: 6.4097
  ...
# Subtest: birthday and level previews are private and never change saved levels, currency or Sanity
ok 11 - birthday and level previews are private and never change saved levels, currency or Sanity
  ---
  duration_ms: 12.2096
  ...
# Subtest: profile shows only selected member ownership, regardless of available server badges/emojis
ok 12 - profile shows only selected member ownership, regardless of available server badges/emojis
  ---
  duration_ms: 16.9639
  ...
# Subtest: profile wrapper rejects production and wrong guild before loading storage
ok 13 - profile wrapper rejects production and wrong guild before loading storage
  ---
  duration_ms: 0.7457
  ...
# Subtest: profile is available to runtime and registration only in explicit development
ok 14 - profile is available to runtime and registration only in explicit development
  ---
  duration_ms: 1123.8392
  ...
# Subtest: merged deployment registry keeps Spooky in both environments and profile only in development
ok 15 - merged deployment registry keeps Spooky in both environments and profile only in development
  ---
  duration_ms: 431.6719
  ...
# Subtest: birthday snapshots surround the committed capped Bank credit
ok 16 - birthday snapshots surround the committed capped Bank credit
  ---
  duration_ms: 496.5625
  ...
# Subtest: occasion arrows reflect actual changes and cap-limited awards, with no invented adjustments on normal profiles
ok 17 - occasion arrows reflect actual changes and cap-limited awards, with no invented adjustments on normal profiles
  ---
  duration_ms: 26.9266
  ...
# Subtest: background eye uses exact requested thresholds and all five transparent overlays render independently
ok 18 - background eye uses exact requested thresholds and all five transparent overlays render independently
  ---
  duration_ms: 50.0928
  ...
# Subtest: level-up and birthday cards retain dimensions, Unicode names and only owned badges with Sanity artwork
ok 19 - level-up and birthday cards retain dimensions, Unicode names and only owned badges with Sanity artwork
  ---
  duration_ms: 307.5633
  ...
# Subtest: changing Sanity changes the background-eye area without changing landscape or wallet content below it
ok 20 - changing Sanity changes the background-eye area without changing landscape or wallet content below it
  ---
  duration_ms: 212.9697
  ...
# Subtest: automatic artwork remains development-only and uses committed snapshots rather than reading a new Fate balance
ok 21 - automatic artwork remains development-only and uses committed snapshots rather than reading a new Fate balance
  ---
  duration_ms: 1175.733
  ...
1..21
# tests 21
# suites 0
# pass 21
# fail 0
# cancelled 0
# skipped 0
# todo 0
# duration_ms 6599.3201
