TAP version 13
# Subtest: birthday snapshots surround the committed capped Bank credit
ok 1 - birthday snapshots surround the committed capped Bank credit
  ---
  duration_ms: 487.7894
  ...
# Subtest: occasion arrows reflect actual changes and cap-limited awards, with no invented adjustments on normal profiles
ok 2 - occasion arrows reflect actual changes and cap-limited awards, with no invented adjustments on normal profiles
  ---
  duration_ms: 23.7991
  ...
# Subtest: original eye uses normalized thresholds and all five stages render independently
ok 3 - original eye uses normalized thresholds and all five stages render independently
  ---
  duration_ms: 39.0476
  ...
# Subtest: level-up and birthday cards retain dimensions, Unicode names and only owned badges with Sanity artwork
ok 4 - level-up and birthday cards retain dimensions, Unicode names and only owned badges with Sanity artwork
  ---
  duration_ms: 300.0949
  ...
# Subtest: automatic artwork remains development-only and uses committed snapshots rather than reading a new Fate balance
ok 5 - automatic artwork remains development-only and uses committed snapshots rather than reading a new Fate balance
  ---
  duration_ms: 1105.2031
  ...
1..5
# tests 5
# suites 0
# pass 5
# fail 0
# cancelled 0
# skipped 0
# todo 0
# duration_ms 2218.3899
