TAP version 13
# Subtest: birthday snapshots surround the committed capped Bank credit
ok 1 - birthday snapshots surround the committed capped Bank credit
  ---
  duration_ms: 478.0265
  ...
# Subtest: occasion arrows reflect actual changes and cap-limited awards, with no invented adjustments on normal profiles
ok 2 - occasion arrows reflect actual changes and cap-limited awards, with no invented adjustments on normal profiles
  ---
  duration_ms: 23.6422
  ...
# Subtest: original eye uses normalized thresholds and all five stages render independently
ok 3 - original eye uses normalized thresholds and all five stages render independently
  ---
  duration_ms: 8.2626
  ...
# Subtest: level-up and birthday cards retain dimensions, Unicode names and only owned badges with Sanity artwork
ok 4 - level-up and birthday cards retain dimensions, Unicode names and only owned badges with Sanity artwork
  ---
  duration_ms: 295.138
  ...
# Subtest: automatic artwork remains development-only and uses committed snapshots rather than reading a new Fate balance
ok 5 - automatic artwork remains development-only and uses committed snapshots rather than reading a new Fate balance
  ---
  duration_ms: 1086.9309
  ...
# Subtest: Sanity confirmation and cancellation use the new currency without spending or adding commands
ok 6 - Sanity confirmation and cancellation use the new currency without spending or adding commands
  ---
  duration_ms: 15.735
  ...
# Subtest: confirmation displays exact Bank/Fate projections and spends nothing on cancel or timeout
ok 7 - confirmation displays exact Bank/Fate projections and spends nothing on cancel or timeout
  ---
  duration_ms: 2.4241
  ...
# Subtest: other users/channels/guilds cannot confirm; simultaneous clicks acknowledge before one purchase
ok 8 - other users/channels/guilds cannot confirm; simultaneous clicks acknowledge before one purchase
  ---
  duration_ms: 1.5216
  ...
# Subtest: failed acknowledgement cannot spend; failed purchase clears collector and buttons
ok 9 - failed acknowledgement cannot spend; failed purchase clears collector and buttons
  ---
  duration_ms: 2.422
  ...
1..9
# tests 9
# suites 0
# pass 9
# fail 0
# cancelled 0
# skipped 0
# todo 0
# duration_ms 3592.3415
