TAP version 13
# Subtest: progress uses live per-level XP threshold and bounds the bar
ok 1 - progress uses live per-level XP threshold and bounds the bar
  ---
  duration_ms: 2.8368
  ...
# Subtest: badge strip is newest first with deterministic ties and no unknown ownership
ok 2 - badge strip is newest first with deterministic ties and no unknown ownership
  ---
  duration_ms: 14.3032
  ...
# Subtest: large badge catalog displays only ten newest owned badges
ok 3 - large badge catalog displays only ten newest owned badges
  ---
  duration_ms: 1.0739
  ...
# Subtest: renderer produces PNG for Unicode/XML names, empty badges and overflow XP
ok 4 - renderer produces PNG for Unicode/XML names, empty badges and overflow XP
  ---
  duration_ms: 351.0424
  ...
# Subtest: image fetch restricts hosts, size and redirects
ok 5 - image fetch restricts hosts, size and redirects
  ---
  duration_ms: 23.8565
  ...
# Subtest: profile reads existing and absent players without writes and sends PNG attachment
ok 6 - profile reads existing and absent players without writes and sends PNG attachment
  ---
  duration_ms: 552.4925
  ...
# Subtest: missing badges/avatar permit card and render failure closes deferred response
ok 7 - missing badges/avatar permit card and render failure closes deferred response
  ---
  duration_ms: 8.2916
  ...
# Subtest: member option uses their wallet and guild-scoped newest badges
ok 8 - member option uses their wallet and guild-scoped newest badges
  ---
  duration_ms: 9.4902
  ...
# Subtest: profile definition supports optional member and disables DMs
ok 9 - profile definition supports optional member and disables DMs
  ---
  duration_ms: 25.9041
  ...
# Subtest: Admin card label comes from the selected member role
ok 10 - Admin card label comes from the selected member role
  ---
  duration_ms: 7.9728
  ...
# Subtest: birthday and level previews are private and never change saved levels, currency or Sanity
ok 11 - birthday and level previews are private and never change saved levels, currency or Sanity
  ---
  duration_ms: 14.3341
  ...
# Subtest: profile shows only selected member ownership, regardless of available server badges/emojis
ok 12 - profile shows only selected member ownership, regardless of available server badges/emojis
  ---
  duration_ms: 17.0841
  ...
# Subtest: profile wrapper rejects production and wrong guild before loading storage
ok 13 - profile wrapper rejects production and wrong guild before loading storage
  ---
  duration_ms: 0.8313
  ...
# Subtest: profile is available to runtime and registration only in explicit development
ok 14 - profile is available to runtime and registration only in explicit development
  ---
  duration_ms: 1139.111
  ...
# Subtest: merged deployment registry keeps Spooky in both environments and profile only in development
ok 15 - merged deployment registry keeps Spooky in both environments and profile only in development
  ---
  duration_ms: 849.7288
  ...
# Subtest: birthday snapshots surround the committed capped Bank credit
ok 16 - birthday snapshots surround the committed capped Bank credit
  ---
  duration_ms: 497.1006
  ...
# Subtest: occasion arrows reflect actual changes and cap-limited awards, with no invented adjustments on normal profiles
ok 17 - occasion arrows reflect actual changes and cap-limited awards, with no invented adjustments on normal profiles
  ---
  duration_ms: 23.6899
  ...
# Subtest: background eye uses exact requested thresholds and all five transparent overlays render independently
ok 18 - background eye uses exact requested thresholds and all five transparent overlays render independently
  ---
  duration_ms: 45.9232
  ...
# Subtest: level-up and birthday cards retain dimensions, Unicode names and only owned badges with Sanity artwork
ok 19 - level-up and birthday cards retain dimensions, Unicode names and only owned badges with Sanity artwork
  ---
  duration_ms: 297.8026
  ...
# Subtest: changing Sanity changes the background-eye area without changing landscape or wallet content below it
ok 20 - changing Sanity changes the background-eye area without changing landscape or wallet content below it
  ---
  duration_ms: 197.9519
  ...
# Subtest: automatic artwork remains development-only and uses committed snapshots rather than reading a new Fate balance
ok 21 - automatic artwork remains development-only and uses committed snapshots rather than reading a new Fate balance
  ---
  duration_ms: 1106.0024
  ...
# Subtest: Sanity remains development-only
ok 22 - Sanity remains development-only
  ---
  duration_ms: 2.0623
  ...
# Subtest: presence earns two once, spaced conversation earns one, further messages and replay cannot farm rewards
ok 23 - presence earns two once, spaced conversation earns one, further messages and replay cannot farm rewards
  ---
  duration_ms: 365.2268
  ...
# Subtest: completed inactive Pacific days lose one; active days are protected; reads catch up once without counting as activity
ok 24 - completed inactive Pacific days lose one; active days are protected; reads catch up once without counting as activity
  ---
  duration_ms: 58.9065
  ...
# Subtest: two active conversation days maintain Sanity over a week, matching the intended scale
ok 25 - two active conversation days maintain Sanity over a week, matching the intended scale
  ---
  duration_ms: 47.516
  ...
# Subtest: Pacific midnight and DST use calendar days rather than elapsed 24-hour ticks
ok 26 - Pacific midnight and DST use calendar days rather than elapsed 24-hour ticks
  ---
  duration_ms: 33.4677
  ...
# Subtest: cap consumes daily rewards without letting a subsequent purchase manufacture them again
ok 27 - cap consumes daily rewards without letting a subsequent purchase manufacture them again
  ---
  duration_ms: 33.6094
  ...
# Subtest: Sanity spend shares the root transaction, rolls back failures and rejects stale confirmations
ok 28 - Sanity spend shares the root transaction, rolls back failures and rejects stale confirmations
  ---
  duration_ms: 25.7655
  ...
# Subtest: weekly reminder reservation uses current bands, never duplicates across thresholds, and zero is special once
ok 29 - weekly reminder reservation uses current bands, never duplicates across thresholds, and zero is special once
  ---
  duration_ms: 49.8366
  ...
# Subtest: daily migration preserves an old-policy balance, prevents duplicate credits today and does not backdate losses
ok 30 - daily migration preserves an old-policy balance, prevents duplicate credits today and does not backdate losses
  ---
  duration_ms: 21.4147
  ...
# Subtest: community launch purchases spend normal Fate only, never special Bank, with durable replay
ok 31 - community launch purchases spend normal Fate only, never special Bank, with durable replay
  ---
  duration_ms: 241.3718
  ...
# Subtest: development Sanity purchases debit only Sanity once, preserve Fate/Bank, and roll back a failed draw
ok 32 - development Sanity purchases debit only Sanity once, preserve Fate/Bank, and roll back a failed draw
  ---
  duration_ms: 86.9558
  ...
# Subtest: bank-only purchase uses actual User model and leaves unbanked fate/candy/Eyes unchanged
ok 33 - bank-only purchase uses actual User model and leaves unbanked fate/candy/Eyes unchanged
  ---
  duration_ms: 33.1929
  ...
# Subtest: insufficient combined wallet and missing/invalid accounts fail safely
ok 34 - insufficient combined wallet and missing/invalid accounts fail safely
  ---
  duration_ms: 28.4032
  ...
# Subtest: authorization fails closed and cannot buy for a different actor
ok 35 - authorization fails closed and cannot buy for a different actor
  ---
  duration_ms: 22.9521
  ...
# Subtest: any registered bank holder may purchase without Unwanted/admin role claims
ok 36 - any registered bank holder may purchase without Unwanted/admin role claims
  ---
  duration_ms: 26.1409
  ...
# Subtest: same interaction replays one debit and award; distinct purchases have no daily ceiling
ok 37 - same interaction replays one debit and award; distinct purchases have no daily ceiling
  ---
  duration_ms: 208.9742
  ...
# Subtest: concurrent purchases compete for the same final ten bank points
ok 38 - concurrent purchases compete for the same final ten bank points
  ---
  duration_ms: 30.5098
  ...
# Subtest: award failure rolls back bank and ledger, and retry is safe
ok 39 - award failure rolls back bank and ledger, and retry is safe
  ---
  duration_ms: 35.0446
  ...
# Subtest: fate draw triggering the fifth duplicate exchanges it in the same receipt
ok 40 - fate draw triggering the fifth duplicate exchanges it in the same receipt
  ---
  duration_ms: 30.8532
  ...
# Subtest: disabled/closed/paused/unregistered/wrong guild purchases leave the shared bank untouched
ok 41 - disabled/closed/paused/unregistered/wrong guild purchases leave the shared bank untouched
  ---
  duration_ms: 37.6358
  ...
# Subtest: mixed Bank/Fate payment and Fate-only payment debit ten exactly with matching ledger
ok 42 - mixed Bank/Fate payment and Fate-only payment debit ten exactly with matching ledger
  ---
  duration_ms: 56.3194
  ...
# Subtest: wallet drift invalidates a confirmation instead of switching which balance pays
ok 43 - wallet drift invalidates a confirmation instead of switching which balance pays
  ---
  duration_ms: 24.1837
  ...
# Subtest: failed quarter or receipt finalization rolls back both wallets, inventory and ledger
ok 44 - failed quarter or receipt finalization rolls back both wallets, inventory and ledger
  ---
  duration_ms: 25.9456
  ...
# Subtest: Fate rarity thresholds differ from Eye draws without changing missing-piece exchange
ok 45 - Fate rarity thresholds differ from Eye draws without changing missing-piece exchange
  ---
  duration_ms: 103.6582
  ...
1..45
# tests 45
# suites 0
# pass 45
# fail 0
# cancelled 0
# skipped 0
# todo 0
# duration_ms 26416.6738
