TAP version 13
# Subtest: progress uses live per-level XP threshold and bounds the bar
ok 1 - progress uses live per-level XP threshold and bounds the bar
  ---
  duration_ms: 2.7563
  ...
# Subtest: badge strip is newest first with deterministic ties and no unknown ownership
ok 2 - badge strip is newest first with deterministic ties and no unknown ownership
  ---
  duration_ms: 14.5533
  ...
# Subtest: large badge catalog displays only ten newest owned badges
ok 3 - large badge catalog displays only ten newest owned badges
  ---
  duration_ms: 1.1555
  ...
# Subtest: renderer produces PNG for Unicode/XML names, empty badges and overflow XP
ok 4 - renderer produces PNG for Unicode/XML names, empty badges and overflow XP
  ---
  duration_ms: 376.2831
  ...
# Subtest: image fetch restricts hosts, size and redirects
ok 5 - image fetch restricts hosts, size and redirects
  ---
  duration_ms: 24.6271
  ...
# Subtest: profile reads existing and absent players without writes and sends PNG attachment
ok 6 - profile reads existing and absent players without writes and sends PNG attachment
  ---
  duration_ms: 124.3921
  ...
# Subtest: missing badges/avatar permit card and render failure closes deferred response
ok 7 - missing badges/avatar permit card and render failure closes deferred response
  ---
  duration_ms: 7.4348
  ...
# Subtest: member option uses their wallet and guild-scoped newest badges
ok 8 - member option uses their wallet and guild-scoped newest badges
  ---
  duration_ms: 7.179
  ...
# Subtest: profile definition supports optional member and disables DMs
ok 9 - profile definition supports optional member and disables DMs
  ---
  duration_ms: 5.1866
  ...
# Subtest: Admin card label comes from the selected member role
ok 10 - Admin card label comes from the selected member role
  ---
  duration_ms: 6.6904
  ...
# Subtest: birthday and level previews are private and never change saved levels, currency or Sanity
ok 11 - birthday and level previews are private and never change saved levels, currency or Sanity
  ---
  duration_ms: 11.7292
  ...
# Subtest: profile shows only selected member ownership, regardless of available server badges/emojis
ok 12 - profile shows only selected member ownership, regardless of available server badges/emojis
  ---
  duration_ms: 15.8694
  ...
# Subtest: profile wrapper rejects production and wrong guild before loading storage
ok 13 - profile wrapper rejects production and wrong guild before loading storage
  ---
  duration_ms: 0.7694
  ...
# Subtest: profile is available to runtime and registration only in explicit development
ok 14 - profile is available to runtime and registration only in explicit development
  ---
  duration_ms: 1147.532
  ...
# Subtest: merged deployment registry keeps Spooky in both environments and profile only in development
ok 15 - merged deployment registry keeps Spooky in both environments and profile only in development
  ---
  duration_ms: 433.721
  ...
# Subtest: birthday snapshots surround the committed capped Bank credit
ok 16 - birthday snapshots surround the committed capped Bank credit
  ---
  duration_ms: 487.6362
  ...
# Subtest: occasion arrows reflect actual changes and cap-limited awards, with no invented adjustments on normal profiles
ok 17 - occasion arrows reflect actual changes and cap-limited awards, with no invented adjustments on normal profiles
  ---
  duration_ms: 24.0694
  ...
# Subtest: background eye uses exact requested thresholds and all five transparent overlays render independently
ok 18 - background eye uses exact requested thresholds and all five transparent overlays render independently
  ---
  duration_ms: 47.6944
  ...
# Subtest: level-up and birthday cards retain dimensions, Unicode names and only owned badges with Sanity artwork
ok 19 - level-up and birthday cards retain dimensions, Unicode names and only owned badges with Sanity artwork
  ---
  duration_ms: 303.2453
  ...
# Subtest: changing Sanity changes the background-eye area without changing landscape or wallet content below it
ok 20 - changing Sanity changes the background-eye area without changing landscape or wallet content below it
  ---
  duration_ms: 192.8635
  ...
# Subtest: automatic artwork remains development-only and uses committed snapshots rather than reading a new Fate balance
ok 21 - automatic artwork remains development-only and uses committed snapshots rather than reading a new Fate balance
  ---
  duration_ms: 1087.4829
  ...
# Subtest: reminders stay private, actor-scoped and excluded from birthday/level test previews
ok 22 - reminders stay private, actor-scoped and excluded from birthday/level test previews
  ---
  duration_ms: 385.139
  ...
# Subtest: maintenance creates no scheduler or storage service in production
ok 23 - maintenance creates no scheduler or storage service in production
  ---
  duration_ms: 1.4379
  ...
# Subtest: Sanity remains development-only
ok 24 - Sanity remains development-only
  ---
  duration_ms: 3.9629
  ...
# Subtest: new accounts start at full Sanity and the first reminder cannot occur above69
ok 25 - new accounts start at full Sanity and the first reminder cannot occur above69
  ---
  duration_ms: 243.385
  ...
# Subtest: presence earns two once, spaced conversation earns one, further messages and replay cannot farm rewards
ok 26 - presence earns two once, spaced conversation earns one, further messages and replay cannot farm rewards
  ---
  duration_ms: 148.3125
  ...
# Subtest: completed inactive Pacific days lose one; active days are protected; reads catch up once without counting as activity
ok 27 - completed inactive Pacific days lose one; active days are protected; reads catch up once without counting as activity
  ---
  duration_ms: 55.5101
  ...
# Subtest: two active conversation days maintain Sanity over a week, matching the intended scale
ok 28 - two active conversation days maintain Sanity over a week, matching the intended scale
  ---
  duration_ms: 45.4482
  ...
# Subtest: Pacific midnight and DST use calendar days rather than elapsed 24-hour ticks
ok 29 - Pacific midnight and DST use calendar days rather than elapsed 24-hour ticks
  ---
  duration_ms: 34.9022
  ...
# Subtest: cap consumes daily rewards without letting a subsequent purchase manufacture them again
ok 30 - cap consumes daily rewards without letting a subsequent purchase manufacture them again
  ---
  duration_ms: 38.7317
  ...
# Subtest: Sanity spend shares the root transaction, rolls back failures and rejects stale confirmations
ok 31 - Sanity spend shares the root transaction, rolls back failures and rejects stale confirmations
  ---
  duration_ms: 20.3193
  ...
# Subtest: weekly reminder reservation uses current bands, never duplicates across thresholds, and zero is special once
ok 32 - weekly reminder reservation uses current bands, never duplicates across thresholds, and zero is special once
  ---
  duration_ms: 50.5508
  ...
# Subtest: daily migration preserves an old-policy balance, prevents duplicate credits today and does not backdate losses
ok 33 - daily migration preserves an old-policy balance, prevents duplicate credits today and does not backdate losses
  ---
  duration_ms: 18.7353
  ...
# Subtest: community launch purchases spend normal Fate only, never special Bank, with durable replay
ok 34 - community launch purchases spend normal Fate only, never special Bank, with durable replay
  ---
  duration_ms: 225.1909
  ...
# Subtest: development Sanity purchases debit only Sanity once, preserve Fate/Bank, and roll back a failed draw
ok 35 - development Sanity purchases debit only Sanity once, preserve Fate/Bank, and roll back a failed draw
  ---
  duration_ms: 87.0274
  ...
# Subtest: bank-only purchase uses actual User model and leaves unbanked fate/candy/Eyes unchanged
ok 36 - bank-only purchase uses actual User model and leaves unbanked fate/candy/Eyes unchanged
  ---
  duration_ms: 32.9499
  ...
# Subtest: insufficient combined wallet and missing/invalid accounts fail safely
ok 37 - insufficient combined wallet and missing/invalid accounts fail safely
  ---
  duration_ms: 28.1328
  ...
# Subtest: authorization fails closed and cannot buy for a different actor
ok 38 - authorization fails closed and cannot buy for a different actor
  ---
  duration_ms: 23.678
  ...
# Subtest: any registered bank holder may purchase without Unwanted/admin role claims
ok 39 - any registered bank holder may purchase without Unwanted/admin role claims
  ---
  duration_ms: 27.9531
  ...
# Subtest: same interaction replays one debit and award; distinct purchases have no daily ceiling
ok 40 - same interaction replays one debit and award; distinct purchases have no daily ceiling
  ---
  duration_ms: 233.861
  ...
# Subtest: concurrent purchases compete for the same final ten bank points
ok 41 - concurrent purchases compete for the same final ten bank points
  ---
  duration_ms: 31.2057
  ...
# Subtest: award failure rolls back bank and ledger, and retry is safe
ok 42 - award failure rolls back bank and ledger, and retry is safe
  ---
  duration_ms: 36.7511
  ...
# Subtest: fate draw triggering the fifth duplicate exchanges it in the same receipt
ok 43 - fate draw triggering the fifth duplicate exchanges it in the same receipt
  ---
  duration_ms: 32.3367
  ...
# Subtest: disabled/closed/paused/unregistered/wrong guild purchases leave the shared bank untouched
ok 44 - disabled/closed/paused/unregistered/wrong guild purchases leave the shared bank untouched
  ---
  duration_ms: 40.5258
  ...
# Subtest: mixed Bank/Fate payment and Fate-only payment debit ten exactly with matching ledger
ok 45 - mixed Bank/Fate payment and Fate-only payment debit ten exactly with matching ledger
  ---
  duration_ms: 60.9503
  ...
# Subtest: wallet drift invalidates a confirmation instead of switching which balance pays
ok 46 - wallet drift invalidates a confirmation instead of switching which balance pays
  ---
  duration_ms: 26.1432
  ...
# Subtest: failed quarter or receipt finalization rolls back both wallets, inventory and ledger
ok 47 - failed quarter or receipt finalization rolls back both wallets, inventory and ledger
  ---
  duration_ms: 29.9361
  ...
# Subtest: Fate rarity thresholds differ from Eye draws without changing missing-piece exchange
ok 48 - Fate rarity thresholds differ from Eye draws without changing missing-piece exchange
  ---
  duration_ms: 131.8665
  ...
1..48
# tests 48
# suites 0
# pass 48
# fail 0
# cancelled 0
# skipped 0
# todo 0
# duration_ms 9685.0131
