TAP version 13
# Subtest: self curse cannot renew; target choices omit existing curses and shields
ok 1 - self curse cannot renew; target choices omit existing curses and shields
  ---
  duration_ms: 354.7533
  ...
# Subtest: a chosen break-curse target is revalidated; vanished curse cannot become a different gift
ok 2 - a chosen break-curse target is revalidated; vanished curse cannot become a different gift
  ---
  duration_ms: 116.7828
  ...
# Subtest: shield is recipient-only above 20%; repeat shared protection never renews caller
ok 3 - shield is recipient-only above 20%; repeat shared protection never renews caller
  ---
  duration_ms: 171.2141
  ...
# Subtest: protection cures a cursed target; a fresh shield restores after exactly twelve hours
ok 4 - protection cures a cursed target; a fresh shield restores after exactly twelve hours
  ---
  duration_ms: 180.6307
  ...
# Subtest: baseline is captured on first mutation, shared across effects and restored after October
ok 5 - baseline is captured on first mutation, shared across effects and restored after October
  ---
  duration_ms: 117.7141
  ...
# Subtest: pending curse cured by protection restores a null baseline without leaving a shield
ok 6 - pending curse cured by protection restores a null baseline without leaving a shield
  ---
  duration_ms: 73.8588
  ...
# Subtest: readable appearance has one wrapper and respects Discord nickname length
ok 7 - readable appearance has one wrapper and respects Discord nickname length
  ---
  duration_ms: 1.0726
  ...
# Subtest: shield intercepts targeted curse and self backfire, losing charges without renewing expiry
ok 8 - shield intercepts targeted curse and self backfire, losing charges without renewing expiry
  ---
  duration_ms: 116.4022
  ...
# Subtest: maintenance refreshes saved old styles, cures legacy overlap and restores the original at expiry
ok 9 - maintenance refreshes saved old styles, cures legacy overlap and restores the original at expiry
  ---
  duration_ms: 124.4266
  ...
# Subtest: old-style refresh and later cleanup never overwrite a manually chosen nickname
ok 10 - old-style refresh and later cleanup never overwrite a manually chosen nickname
  ---
  duration_ms: 109.4038
  ...
# Subtest: legacy null baseline without a display snapshot is preserved until safe final restoration
ok 11 - legacy null baseline without a display snapshot is preserved until safe final restoration
  ---
  duration_ms: 49.9423
  ...
# Subtest: unapplied combined nickname intents restore safely; manual edits are never overwritten
ok 12 - unapplied combined nickname intents restore safely; manual edits are never overwritten
  ---
  duration_ms: 128.9982
  ...
# Subtest: cursed treats count actual delivered sweets toward a hidden goal and safely remove bot-owned role
ok 13 - cursed treats count actual delivered sweets toward a hidden goal and safely remove bot-owned role
  ---
  duration_ms: 154.5295
  ...
# Subtest: failed curse removal survives another hit and eventually removes only the bot-owned role
ok 14 - failed curse removal survives another hit and eventually removes only the bot-owned role
  ---
  duration_ms: 95.6699
  ...
# Subtest: pending/conflicting nickname restoration cannot be overwritten by a new reversal
ok 15 - pending/conflicting nickname restoration cannot be overwritten by a new reversal
  ---
  duration_ms: 87.1222
  ...
# Subtest: reversal skips existing spells and restores each newly selected original at closure
ok 16 - reversal skips existing spells and restores each newly selected original at closure
  ---
  duration_ms: 147.2275
  ...
# Subtest: no eligible reversal rolls back the action candy and operation
ok 17 - no eligible reversal rolls back the action candy and operation
  ---
  duration_ms: 35.0738
  ...
# Subtest: ordinary/double/cursed gifts use actual recipients, cap credits, and immunity shields both parties
ok 18 - ordinary/double/cursed gifts use actual recipients, cap credits, and immunity shields both parties
  ---
  duration_ms: 159.4543
  ...
# Subtest: curse apply/spread/backfire are durable; break clears owned role with post-commit intent
ok 19 - curse apply/spread/backfire are durable; break clears owned role with post-commit intent
  ---
  duration_ms: 196.2966
  ...
# Subtest: nickname applies once and October cleanup restores null original; independent changes conflict safely
ok 20 - nickname applies once and October cleanup restores null original; independent changes conflict safely
  ---
  duration_ms: 126.2302
  ...
# Subtest: reversal restores at twelve hours and legacy month-long timers are shortened without baseline changes
ok 21 - reversal restores at twelve hours and legacy month-long timers are shortened without baseline changes
  ---
  duration_ms: 64.4929
  ...
# Subtest: Crown can be stolen and recaptured but first-win candy is not farmed
ok 22 - Crown can be stolen and recaptured but first-win candy is not farmed
  ---
  duration_ms: 101.9489
  ...
# Subtest: failed Discord delivery survives reconstruction and retry is idempotent
ok 23 - failed Discord delivery survives reconstruction and retry is idempotent
  ---
  duration_ms: 36.2146
  ...
# Subtest: Sweet Tooth crowns only the caller once; repeat outcomes cannot transfer it; Eye treat converts
ok 24 - Sweet Tooth crowns only the caller once; repeat outcomes cannot transfer it; Eye treat converts
  ---
  duration_ms: 46.6553
  ...
# Subtest: permission failures do not claim effects, existing roles are not removed and root failure rolls back intent
ok 25 - permission failures do not claim effects, existing roles are not removed and root failure rolls back intent
  ---
  duration_ms: 80.8495
  ...
# Subtest: delivery migration rollback/reapply preserves core tables
ok 26 - delivery migration rollback/reapply preserves core tables
  ---
  duration_ms: 10.6737
  ...
# Subtest: delivery retry detects state already applied before acknowledgment failure
ok 27 - delivery retry detects state already applied before acknowledgment failure
  ---
  duration_ms: 33.2654
  ...
# Subtest: cleanup rolls back with its restoration intent and repeat worker receipt does not enqueue twice
ok 28 - cleanup rolls back with its restoration intent and repeat worker receipt does not enqueue twice
  ---
  duration_ms: 69.1936
  ...
# Subtest: population adapter matches a seeded actual SQLite gameplay trajectory
ok 29 - population adapter matches a seeded actual SQLite gameplay trajectory
  ---
  duration_ms: 12571.7231
  ...
# Subtest: milestone summaries count never reached separately from conditional timing
ok 30 - milestone summaries count never reached separately from conditional timing
  ---
  duration_ms: 1.1052
  ...
# Subtest: all nine candy outcomes conserve candy, charge once, freeze receipts and replay without a second debit
ok 31 - all nine candy outcomes conserve candy, charge once, freeze receipts and replay without a second debit
  ---
  duration_ms: 798.229
  ...
# Subtest: raid rounding, ransom, nearby swaps and conditional chain have their distinct bounded results
ok 32 - raid rounding, ransom, nearby swaps and conditional chain have their distinct bounded results
  ---
  duration_ms: 191.4355
  ...
# Subtest: persistent hole adds ceiling25% up to2, preserves conservation and repairs without a nickname change
ok 33 - persistent hole adds ceiling25% up to2, preserves conservation and repairs without a nickname change
  ---
  duration_ms: 188.6068
  ...
# Subtest: two-charge shield blocks the breaking hit, restores original nickname and never charges replay twice
ok 34 - two-charge shield blocks the breaking hit, restores original nickname and never charges replay twice
  ---
  duration_ms: 245.5089
  ...
# Subtest: shields deny Crown theft with no role/currency award; breaking attempt is still denied
ok 35 - shields deny Crown theft with no role/currency award; breaking attempt is still denied
  ---
  duration_ms: 241.3149
  ...
# Subtest: shield survives12h at most and hole/shield writes rollback together on failure
ok 36 - shield survives12h at most and hole/shield writes rollback together on failure
  ---
  duration_ms: 192.9406
  ...
# Subtest: full receivers and tiny sources never lose unmoved candy; unregistered heavy targets are not enrolled
ok 37 - full receivers and tiny sources never lose unmoved candy; unregistered heavy targets are not enrolled
  ---
  duration_ms: 132.4421
  ...
1..37
# tests 37
# suites 0
# pass 37
# fail 0
# cancelled 0
# skipped 0
# todo 0
# duration_ms 19377.8899
