TAP version 13
# Subtest: private help/onboarding creates actual fate account atomically and never mentions others
ok 1 - private help/onboarding creates actual fate account atomically and never mentions others
  ---
  duration_ms: 244.4106
  ...
# Subtest: leaderboard is public while collection and help remain private
ok 2 - leaderboard is public while collection and help remain private
  ---
  duration_ms: 35.3428
  ...
# Subtest: GIF rotation reads durable root history, charges once and preserves saved replay
ok 3 - GIF rotation reads durable root history, charges once and preserves saved replay
  ---
  duration_ms: 162.9714
  ...
# Subtest: chosen shield recipient commits one action cost; replay skips the choice and random rolls
ok 4 - chosen shield recipient commits one action cost; replay skips the choice and random rolls
  ---
  duration_ms: 95.8646
  ...
# Subtest: break-curse skips a lone target, offers two/three choices and saves one paid result
ok 5 - break-curse skips a lone target, offers two/three choices and saves one paid result
  ---
  duration_ms: 439.1657
  ...
# Subtest: registration avatar and committed balances survive replay; re-registering grants no extra candy
ok 6 - registration avatar and committed balances survive replay; re-registering grants no extra candy
  ---
  duration_ms: 35.2082
  ...
# Subtest: registered targets are publicly tagged with strict user allowlist
ok 7 - registered targets are publicly tagged with strict user allowlist
  ---
  duration_ms: 62.9087
  ...
# Subtest: losing outcomes charge exactly one candy and remain flavorful private results
ok 8 - losing outcomes charge exactly one candy and remain flavorful private results
  ---
  duration_ms: 79.7926
  ...
# Spooky public delivery pending (discord:failed-cleanup): send failed
# Subtest: successful public results remove the private acknowledgement; failed delivery keeps a friendly warning
ok 9 - successful public results remove the private acknowledgement; failed delivery keeps a friendly warning
  ---
  duration_ms: 107.5104
  ...
# Subtest: nonregistered targets get one embed mention per 72h; later effects stay public without pinging
ok 10 - nonregistered targets get one embed mention per 72h; later effects stay public without pinging
  ---
  duration_ms: 102.3696
  ...
# Subtest: fate purchase publicly reveals quarter; replay retains render plan and debits only once
ok 11 - fate purchase publicly reveals quarter; replay retains render plan and debits only once
  ---
  duration_ms: 57.9996
  ...
# Spooky public delivery pending (discord:theft): send failed
# Subtest: failed public notification does not refund or reroll committed theft
ok 12 - failed public notification does not refund or reroll committed theft
  ---
  duration_ms: 55.276
  ...
# Subtest: membership failures and disabled events do not mutate or silently find rewards
ok 13 - membership failures and disabled events do not mutate or silently find rewards
  ---
  duration_ms: 45.4417
  ...
# Subtest: all effect recipient fields route publicly, with safe names and no false permanent badge claim
ok 14 - all effect recipient fields route publicly, with safe names and no false permanent badge claim
  ---
  duration_ms: 1.662
  ...
# Subtest: slash definitions match help and route the authenticated interaction to the controller
ok 15 - slash definitions match help and route the authenticated interaction to the controller
  ---
  duration_ms: 4.1878
  ...
# Subtest: a newly completed character gets one prominent notification; later draws do not repeat completion
ok 16 - a newly completed character gets one prominent notification; later draws do not repeat completion
  ---
  duration_ms: 84.296
  ...
# Subtest: collection shows total duplicate progress across characters
ok 17 - collection shows total duplicate progress across characters
  ---
  duration_ms: 36.0223
  ...
# Subtest: registered recipient references are spaced out; repeated immediate actions use names
ok 18 - registered recipient references are spaced out; repeated immediate actions use names
  ---
  duration_ms: 356.6311
  ...
# Subtest: GIF rate is stable near 10%; committed selection never consumes gameplay randomness
ok 19 - GIF rate is stable near 10%; committed selection never consumes gameplay randomness
  ---
  duration_ms: 79.8049
  ...
# Subtest: recent channel GIFs are avoided using the root transaction and durable outbox
ok 20 - recent channel GIFs are avoided using the root transaction and durable outbox
  ---
  duration_ms: 1.5125
  ...
# Subtest: cancelled GIFs and non-GIF artwork do not occupy recent rotation slots
ok 21 - cancelled GIFs and non-GIF artwork do not occupy recent rotation slots
  ---
  duration_ms: 0.4205
  ...
# Subtest: significant results share the rate; private messages, fallbacks and art keep their design
ok 22 - significant results share the rate; private messages, fallbacks and art keep their design
  ---
  duration_ms: 0.861
  ...
1..22
# tests 22
# suites 0
# pass 22
# fail 0
# cancelled 0
# skipped 0
# todo 0
# duration_ms 3814.3822
