TAP version 13
# Subtest: all nine candy outcomes conserve candy, charge once, freeze receipts and replay without a second debit
ok 1 - all nine candy outcomes conserve candy, charge once, freeze receipts and replay without a second debit
  ---
  duration_ms: 726.1337
  ...
# Subtest: raid rounding, ransom, nearby swaps and conditional chain have their distinct bounded results
ok 2 - raid rounding, ransom, nearby swaps and conditional chain have their distinct bounded results
  ---
  duration_ms: 173.7014
  ...
# Subtest: persistent hole adds ceiling25% up to2, preserves conservation and repairs without a nickname change
ok 3 - persistent hole adds ceiling25% up to2, preserves conservation and repairs without a nickname change
  ---
  duration_ms: 174.2175
  ...
# Subtest: two-charge shield blocks the breaking hit, restores original nickname and never charges replay twice
ok 4 - two-charge shield blocks the breaking hit, restores original nickname and never charges replay twice
  ---
  duration_ms: 218.3604
  ...
# Subtest: shields deny Crown theft with no role/currency award; breaking attempt is still denied
ok 5 - shields deny Crown theft with no role/currency award; breaking attempt is still denied
  ---
  duration_ms: 208.3559
  ...
# Subtest: shield survives12h at most and hole/shield writes rollback together on failure
ok 6 - shield survives12h at most and hole/shield writes rollback together on failure
  ---
  duration_ms: 175.4937
  ...
# Subtest: full receivers and tiny sources never lose unmoved candy; unregistered heavy targets are not enrolled
not ok 7 - full receivers and tiny sources never lose unmoved candy; unregistered heavy targets are not enrolled
  ---
  duration_ms: 120.693
  location: 'C:\\Users\\headm\\code\\sanity-bot-dev\\tests\\spooky-variety-combat.test.js:91:1'
  failureType: 'testCodeFailure'
  error: |-
    Expected values to be strictly equal:
    + actual - expected
    
    + undefined
    - 'ordinary_theft'
  code: 'ERR_ASSERTION'
  name: 'AssertionError'
  expected: 'ordinary_theft'
  operator: 'strictEqual'
  stack: |-
    TestContext.<anonymous> (C:\Users\headm\code\sanity-bot-dev\tests\spooky-variety-combat.test.js:96:105)
    async Test.run (node:internal/test_runner/test:931:9)
    async Test.processPendingSubtests (node:internal/test_runner/test:629:7)
  ...
1..7
# tests 7
# suites 0
# pass 6
# fail 1
# cancelled 0
# skipped 0
# todo 0
# duration_ms 2308.2735
