TAP version 13
# Subtest: every normal table interval is reachable with exact boundaries and no independent Eye roll
ok 1 - every normal table interval is reachable with exact boundaries and no independent Eye roll
  ---
  duration_ms: 5.2677
  ...
# Subtest: curse override boundary preserves 10%, 20/80 treat split and normal table selection
ok 2 - curse override boundary preserves 10%, 20/80 treat split and normal table selection
  ---
  duration_ms: 0.9368
  ...
# Subtest: same-spell buffer reduces only repeated reversal and leaves Eye/Crown/failure odds intact
ok 3 - same-spell buffer reduces only repeated reversal and leaves Eye/Crown/failure odds intact
  ---
  duration_ms: 51.1103
  ...
# Subtest: committed history discourages a repeated spell, ignores screens and survives reconstruction/replay
ok 4 - committed history discourages a repeated spell, ignores screens and survives reconstruction/replay
  ---
  duration_ms: 248.6514
  ...
# Subtest: successful theft spends candy before credit, records activity and concurrent replay runs once
ok 5 - successful theft spends candy before credit, records activity and concurrent replay runs once
  ---
  duration_ms: 62.2601
  ...
# Subtest: break curse and cursed distributions each cost one regardless of delivered gifts
ok 6 - break curse and cursed distributions each cost one regardless of delivered gifts
  ---
  duration_ms: 54.9242
  ...
# Subtest: effect failure, no-target rejection and missing handler refund all writes without rerolling
ok 7 - effect failure, no-target rejection and missing handler refund all writes without rerolling
  ---
  duration_ms: 59.3857
  ...
# Subtest: explicit paid no-effect outcome costs one; insufficient/paused/unregistered actions fail safely
ok 8 - explicit paid no-effect outcome costs one; insufficient/paused/unregistered actions fail safely
  ---
  duration_ms: 47.4203
  ...
# Subtest: choice wait holds no transaction; pause, depleted candy and changed curse roll back without a second roll
ok 9 - choice wait holds no transaction; pause, depleted candy and changed curse roll back without a second roll
  ---
  duration_ms: 94.8628
  ...
# Subtest: live Crown scan uses fresh REST pages without gateway member requests
ok 10 - live Crown scan uses fresh REST pages without gateway member requests
  ---
  duration_ms: 1688.7552
  ...
# Subtest: Crown finding/theft are mutually exclusive and each has the same 1% base interval
ok 11 - Crown finding/theft are mutually exclusive and each has the same 1% base interval
  ---
  duration_ms: 0.9587
  ...
# Subtest: failed old-holder removal never adds a second Crown; reconstruction retries safely
ok 12 - failed old-holder removal never adds a second Crown; reconstruction retries safely
  ---
  duration_ms: 289.0819
  ...
# Subtest: legacy multiple holders keep the most recently awarded wearer without new rewards
ok 13 - legacy multiple holders keep the most recently awarded wearer without new rewards
  ---
  duration_ms: 48.4172
  ...
# Subtest: superseded grants cannot reclaim the Crown; release is holder-scoped
ok 14 - superseded grants cannot reclaim the Crown; release is holder-scoped
  ---
  duration_ms: 88.0435
  ...
# Subtest: Fate rewards use the Fate/Bank/Total design with committed cap-aware transitions
ok 15 - Fate rewards use the Fate/Bank/Total design with committed cap-aware transitions
  ---
  duration_ms: 10.1671
  ...
# Subtest: Fate-funded quarter shows its bank deduction once across duplicate reveals
ok 16 - Fate-funded quarter shows its bank deduction once across duplicate reveals
  ---
  duration_ms: 1.5533
  ...
# Subtest: legacy treat variants keep recipient safety, committed balances and avatar
ok 17 - legacy treat variants keep recipient safety, committed balances and avatar
  ---
  duration_ms: 29.5912
  ...
# Subtest: crown fallback is playful and promises only the committed fate consolation
ok 18 - crown fallback is playful and promises only the committed fate consolation
  ---
  duration_ms: 1.89
  ...
# Subtest: Eye finds and self rewards are public while unrewarded personal failures stay private
ok 19 - Eye finds and self rewards are public while unrewarded personal failures stay private
  ---
  duration_ms: 2.4593
  ...
# Subtest: GIF rate is stable near 10%; committed selection never consumes gameplay randomness
ok 20 - GIF rate is stable near 10%; committed selection never consumes gameplay randomness
  ---
  duration_ms: 77.9946
  ...
# Subtest: successful Crown theft always uses Rihanna; private/error/art messages never receive it
ok 21 - successful Crown theft always uses Rihanna; private/error/art messages never receive it
  ---
  duration_ms: 0.3718
  ...
# Subtest: recent channel GIFs are avoided using the root transaction and durable outbox
ok 22 - recent channel GIFs are avoided using the root transaction and durable outbox
  ---
  duration_ms: 1.4205
  ...
# Subtest: cancelled GIFs and non-GIF artwork do not occupy recent rotation slots
ok 23 - cancelled GIFs and non-GIF artwork do not occupy recent rotation slots
  ---
  duration_ms: 0.4676
  ...
# Subtest: significant results share the rate; private messages, fallbacks and art keep their design
ok 24 - significant results share the rate; private messages, fallbacks and art keep their design
  ---
  duration_ms: 0.7031
  ...
# Subtest: self curse cannot renew; target choices omit existing curses and shields
ok 25 - self curse cannot renew; target choices omit existing curses and shields
  ---
  duration_ms: 368.8021
  ...
# Subtest: a chosen break-curse target is revalidated; vanished curse cannot become a different gift
ok 26 - a chosen break-curse target is revalidated; vanished curse cannot become a different gift
  ---
  duration_ms: 112.1929
  ...
# Subtest: shield is recipient-only above 20%; repeat shared protection never renews caller
ok 27 - shield is recipient-only above 20%; repeat shared protection never renews caller
  ---
  duration_ms: 146.6334
  ...
# Subtest: protection cures a cursed target; a fresh shield restores after exactly twelve hours
ok 28 - protection cures a cursed target; a fresh shield restores after exactly twelve hours
  ---
  duration_ms: 162.6847
  ...
# Subtest: baseline is captured on first mutation, shared across effects and restored after October
ok 29 - baseline is captured on first mutation, shared across effects and restored after October
  ---
  duration_ms: 108.3377
  ...
# Subtest: pending curse cured by protection restores a null baseline without leaving a shield
ok 30 - pending curse cured by protection restores a null baseline without leaving a shield
  ---
  duration_ms: 71.3299
  ...
# Subtest: readable appearance has one wrapper and respects Discord nickname length
ok 31 - readable appearance has one wrapper and respects Discord nickname length
  ---
  duration_ms: 0.8116
  ...
# Subtest: shield intercepts targeted curse and self backfire, losing charges without renewing expiry
ok 32 - shield intercepts targeted curse and self backfire, losing charges without renewing expiry
  ---
  duration_ms: 92.557
  ...
# Subtest: maintenance refreshes saved old styles, cures legacy overlap and restores the original at expiry
ok 33 - maintenance refreshes saved old styles, cures legacy overlap and restores the original at expiry
  ---
  duration_ms: 104.4729
  ...
# Subtest: old-style refresh and later cleanup never overwrite a manually chosen nickname
ok 34 - old-style refresh and later cleanup never overwrite a manually chosen nickname
  ---
  duration_ms: 93.3397
  ...
# Subtest: legacy null baseline without a display snapshot is preserved until safe final restoration
ok 35 - legacy null baseline without a display snapshot is preserved until safe final restoration
  ---
  duration_ms: 40.0928
  ...
# Subtest: unapplied combined nickname intents restore safely; manual edits are never overwritten
ok 36 - unapplied combined nickname intents restore safely; manual edits are never overwritten
  ---
  duration_ms: 147.4456
  ...
# Subtest: cursed treats count actual delivered sweets toward a hidden goal and safely remove bot-owned role
ok 37 - cursed treats count actual delivered sweets toward a hidden goal and safely remove bot-owned role
  ---
  duration_ms: 155.6856
  ...
# Subtest: failed curse removal survives another hit and eventually removes only the bot-owned role
ok 38 - failed curse removal survives another hit and eventually removes only the bot-owned role
  ---
  duration_ms: 87.6979
  ...
# Subtest: pending/conflicting nickname restoration cannot be overwritten by a new reversal
ok 39 - pending/conflicting nickname restoration cannot be overwritten by a new reversal
  ---
  duration_ms: 82.2991
  ...
# Subtest: reversal skips existing spells and restores each newly selected original at closure
ok 40 - reversal skips existing spells and restores each newly selected original at closure
  ---
  duration_ms: 137.7313
  ...
# Subtest: no eligible reversal rolls back the action candy and operation
ok 41 - no eligible reversal rolls back the action candy and operation
  ---
  duration_ms: 30.8075
  ...
# Subtest: ordinary/double/cursed gifts use actual recipients, cap credits, and immunity shields both parties
ok 42 - ordinary/double/cursed gifts use actual recipients, cap credits, and immunity shields both parties
  ---
  duration_ms: 160.1318
  ...
# Subtest: curse apply/spread/backfire are durable; break clears owned role with post-commit intent
ok 43 - curse apply/spread/backfire are durable; break clears owned role with post-commit intent
  ---
  duration_ms: 211.3783
  ...
# Subtest: nickname applies once and October cleanup restores null original; independent changes conflict safely
ok 44 - nickname applies once and October cleanup restores null original; independent changes conflict safely
  ---
  duration_ms: 110.0738
  ...
# Subtest: reversal restores at twelve hours and legacy month-long timers are shortened without baseline changes
ok 45 - reversal restores at twelve hours and legacy month-long timers are shortened without baseline changes
  ---
  duration_ms: 60.3361
  ...
# Subtest: Crown can be stolen and recaptured but first-win candy is not farmed
ok 46 - Crown can be stolen and recaptured but first-win candy is not farmed
  ---
  duration_ms: 148.768
  ...
# Subtest: failed Discord delivery survives reconstruction and retry is idempotent
ok 47 - failed Discord delivery survives reconstruction and retry is idempotent
  ---
  duration_ms: 41.7161
  ...
# Subtest: Sweet Tooth crowns only the caller once; repeat outcomes cannot transfer it; Eye treat converts
ok 48 - Sweet Tooth crowns only the caller once; repeat outcomes cannot transfer it; Eye treat converts
  ---
  duration_ms: 59.1089
  ...
# Subtest: permission failures do not claim effects, existing roles are not removed and root failure rolls back intent
ok 49 - permission failures do not claim effects, existing roles are not removed and root failure rolls back intent
  ---
  duration_ms: 79.2264
  ...
# Subtest: delivery migration rollback/reapply preserves core tables
ok 50 - delivery migration rollback/reapply preserves core tables
  ---
  duration_ms: 14.5378
  ...
# Subtest: delivery retry detects state already applied before acknowledgment failure
ok 51 - delivery retry detects state already applied before acknowledgment failure
  ---
  duration_ms: 40.3635
  ...
# Subtest: cleanup rolls back with its restoration intent and repeat worker receipt does not enqueue twice
ok 52 - cleanup rolls back with its restoration intent and repeat worker receipt does not enqueue twice
  ---
  duration_ms: 56.999
  ...
# Subtest: shared candy clock aligns new and returning players without starter catch-up or cap surplus
ok 53 - shared candy clock aligns new and returning players without starter catch-up or cap surplus
  ---
  duration_ms: 2.643
  ...
# Subtest: every reward embed has balances, no embed timestamp, and zero candy gets shared refill countdown
ok 54 - every reward embed has balances, no embed timestamp, and zero candy gets shared refill countdown
  ---
  duration_ms: 1.2523
  ...
# Subtest: private nudge eligibility excludes unregistered/inactive/recent callers, but full buckets need no recent play
ok 55 - private nudge eligibility excludes unregistered/inactive/recent callers, but full buckets need no recent play
  ---
  duration_ms: 0.3809
  ...
# Subtest: private stash reminder cooldown persists for 48 hours and concurrent claims cannot nag twice
ok 56 - private stash reminder cooldown persists for 48 hours and concurrent claims cannot nag twice
  ---
  duration_ms: 252.3081
  ...
# Subtest: wording gallery uses real renderer, contains all eight standard gifts and constrains every page
ok 57 - wording gallery uses real renderer, contains all eight standard gifts and constrains every page
  ---
  duration_ms: 124.3823
  ...
# Subtest: preview buttons acknowledge before fresh authorization and end cleanly on permission loss
ok 58 - preview buttons acknowledge before fresh authorization and end cleanly on permission loss
  ---
  duration_ms: 102.7029
  ...
# Subtest: three choices enforce ownership and acknowledge one selection before finishing
ok 59 - three choices enforce ownership and acknowledge one selection before finishing
  ---
  duration_ms: 22.9759
  ...
# Subtest: timeout uses a frozen displayed fallback; acknowledgement failure cannot select
ok 60 - timeout uses a frozen displayed fallback; acknowledgement failure cannot select
  ---
  duration_ms: 8.2149
  ...
# Subtest: random sampling is without replacement and can select every candidate
ok 61 - random sampling is without replacement and can select every candidate
  ---
  duration_ms: 5.1888
  ...
# Subtest: nonparticipant theft materializes only chosen victim, excludes self/bots, includes admin and strips mention text
ok 62 - nonparticipant theft materializes only chosen victim, excludes self/bots, includes admin and strips mention text
  ---
  duration_ms: 290.1539
  ...
# Subtest: heist picks random distinct funded victims and limits credit to caller capacity
ok 63 - heist picks random distinct funded victims and limits credit to caller capacity
  ---
  duration_ms: 153.5922
  ...
# Subtest: protection lasts exactly to expiry, includes both resources and ignores another guild effects
ok 64 - protection lasts exactly to expiry, includes both resources and ignores another guild effects
  ---
  duration_ms: 54.5358
  ...
# Subtest: Eye victim needs registration/funds but no activity; theft converts at five and replay does not steal twice
ok 65 - Eye victim needs registration/funds but no activity; theft converts at five and replay does not steal twice
  ---
  duration_ms: 68.1729
  ...
# Subtest: solo Eye pool finds one; protected victim blocks theft without inventing an Eye; no candy target gives paid no-effect without minting candy
ok 66 - solo Eye pool finds one; protected victim blocks theft without inventing an Eye; no candy target gives paid no-effect without minting candy
  ---
  duration_ms: 106.6662
  ...
# Subtest: concurrent last-Eye theft transfers once; next action finds rather than spending a nonexistent Eye
ok 67 - concurrent last-Eye theft transfers once; next action finds rather than spending a nonexistent Eye
  ---
  duration_ms: 69.7428
  ...
# Subtest: membership or RNG/award errors roll back action cost and never mint a fallback Eye
ok 68 - membership or RNG/award errors roll back action cost and never mint a fallback Eye
  ---
  duration_ms: 85.3192
  ...
# Subtest: lazy funding uses due refill but an exhausted victim is skipped without extra materialization
ok 69 - lazy funding uses due refill but an exhausted victim is skipped without extra materialization
  ---
  duration_ms: 71.7644
  ...
# Subtest: all nine candy outcomes conserve candy, charge once, freeze receipts and replay without a second debit
ok 70 - all nine candy outcomes conserve candy, charge once, freeze receipts and replay without a second debit
  ---
  duration_ms: 786.355
  ...
# Subtest: raid rounding, ransom, nearby swaps and conditional chain have their distinct bounded results
ok 71 - raid rounding, ransom, nearby swaps and conditional chain have their distinct bounded results
  ---
  duration_ms: 186.565
  ...
# Subtest: persistent hole adds ceiling25% up to2, preserves conservation and repairs without a nickname change
ok 72 - persistent hole adds ceiling25% up to2, preserves conservation and repairs without a nickname change
  ---
  duration_ms: 206.3388
  ...
# Subtest: two-charge shield blocks the breaking hit, restores original nickname and never charges replay twice
ok 73 - two-charge shield blocks the breaking hit, restores original nickname and never charges replay twice
  ---
  duration_ms: 219.4714
  ...
# Subtest: shields deny Crown theft with no role/currency award; breaking attempt is still denied
ok 74 - shields deny Crown theft with no role/currency award; breaking attempt is still denied
  ---
  duration_ms: 236.782
  ...
# Subtest: shield survives12h at most and hole/shield writes rollback together on failure
ok 75 - shield survives12h at most and hole/shield writes rollback together on failure
  ---
  duration_ms: 187.5411
  ...
# Subtest: full receivers and tiny sources never lose unmoved candy; unregistered heavy targets are not enrolled
ok 76 - full receivers and tiny sources never lose unmoved candy; unregistered heavy targets are not enrolled
  ---
  duration_ms: 132.0566
  ...
# Subtest: multi-recipient attacks spend one shield charge per victim and block every transfer including the popping hit
ok 77 - multi-recipient attacks spend one shield charge per victim and block every transfer including the popping hit
  ---
  duration_ms: 198.1617
  ...
# Subtest: hole amplification is aggregated per victim, bounded by room/funds, skipped for balancing swaps, and expires
ok 78 - hole amplification is aggregated per victim, bounded by room/funds, skipped for balancing swaps, and expires
  ---
  duration_ms: 216.0039
  ...
# Subtest: shields absorb curse, reversal, and hole attacks before any role or nickname mutation
ok 79 - shields absorb curse, reversal, and hole attacks before any role or nickname mutation
  ---
  duration_ms: 242.7742
  ...
# Subtest: three-charge strengths freeze on grant/replay and legacy shields retain their original expiry
ok 80 - three-charge strengths freeze on grant/replay and legacy shields retain their original expiry
  ---
  duration_ms: 189.0133
  ...
# Subtest: new heavy attacks choose registered players only; unavailable funded targets refund the whole operation
ok 81 - new heavy attacks choose registered players only; unavailable funded targets refund the whole operation
  ---
  duration_ms: 127.7416
  ...
# Subtest: blocked Crown capture earns no prestige/capture bonus or Fate currency and uses requested public failure wording
ok 82 - blocked Crown capture earns no prestige/capture bonus or Fate currency and uses requested public failure wording
  ---
  duration_ms: 1491.9144
  ...
1..82
# tests 82
# suites 0
# pass 82
# fail 0
# cancelled 0
# skipped 0
# todo 0
# duration_ms 19065.4686
