TAP version 13
# Subtest: every normal table interval is reachable with exact boundaries and no independent Eye roll
ok 1 - every normal table interval is reachable with exact boundaries and no independent Eye roll
  ---
  duration_ms: 3.4339
  ...
# Subtest: curse override boundary preserves 10%, 20/80 treat split and normal table selection
ok 2 - curse override boundary preserves 10%, 20/80 treat split and normal table selection
  ---
  duration_ms: 0.869
  ...
# Subtest: non-candy buffer halves special weights with one roll and clears after candy
not ok 3 - non-candy buffer halves special weights with one roll and clears after candy
  ---
  duration_ms: 71.4714
  location: 'C:\\Users\\headm\\code\\sanity-bot-dev\\tests\\spooky-actions.test.js:48:1'
  failureType: 'testCodeFailure'
  error: |-
    The expression evaluated to a falsy value:
    
      assert.ok(Math.abs(count / 10000 - (baseline / 2) / (100 - baseline / 2)) < .001)
    
  code: 'ERR_ASSERTION'
  name: 'AssertionError'
  expected: true
  actual: false
  operator: '=='
  stack: |-
    TestContext.<anonymous> (C:\Users\headm\code\sanity-bot-dev\tests\spooky-actions.test.js:57:12)
    Test.runInAsyncScope (node:async_hooks:211:14)
    Test.run (node:internal/test_runner/test:930:25)
    Test.processPendingSubtests (node:internal/test_runner/test:629:18)
    Test.postRun (node:internal/test_runner/test:1026:19)
    Test.run (node:internal/test_runner/test:969:12)
    async Test.processPendingSubtests (node:internal/test_runner/test:629:7)
  ...
# Subtest: committed action history buffers across trick/treat, ignores screens and survives reconstruction/replay
not ok 4 - committed action history buffers across trick/treat, ignores screens and survives reconstruction/replay
  ---
  duration_ms: 1490.4241
  location: 'C:\\Users\\headm\\code\\sanity-bot-dev\\tests\\spooky-actions.test.js:63:1'
  failureType: 'testCodeFailure'
  error: 'Spooky outcome is not implemented: break_curse'
  code: 'ERR_TEST_FAILURE'
  stack: |-
    C:\Users\headm\code\sanity-bot-dev\services\spooky\actions.js:91:48
    async C:\Users\headm\code\sanity-bot-dev\services\spooky\economy.js:70:23
    async C:\Users\headm\code\sanity-bot-dev\node_modules\sequelize\lib\sequelize.js:507:18
  ...
# Subtest: successful theft spends candy before credit, records activity and concurrent replay runs once
ok 5 - successful theft spends candy before credit, records activity and concurrent replay runs once
  ---
  duration_ms: 75.8477
  ...
# Subtest: break curse and cursed distributions each cost one regardless of delivered gifts
ok 6 - break curse and cursed distributions each cost one regardless of delivered gifts
  ---
  duration_ms: 77.8658
  ...
# Subtest: effect failure, no-target rejection and missing handler refund all writes without rerolling
ok 7 - effect failure, no-target rejection and missing handler refund all writes without rerolling
  ---
  duration_ms: 65.8605
  ...
# Subtest: explicit paid no-effect outcome costs one; insufficient/paused/unregistered actions fail safely
ok 8 - explicit paid no-effect outcome costs one; insufficient/paused/unregistered actions fail safely
  ---
  duration_ms: 48.97
  ...
# Subtest: choice wait holds no transaction; pause, depleted candy and changed curse roll back without a second roll
ok 9 - choice wait holds no transaction; pause, depleted candy and changed curse roll back without a second roll
  ---
  duration_ms: 92.0135
  ...
# Subtest: development activation leaves production/test disabled and approved economy unchanged
ok 10 - development activation leaves production/test disabled and approved economy unchanged
  ---
  duration_ms: 5.0935
  ...
# Subtest: invalid probability edits and duplicated outcomes fail validation
ok 11 - invalid probability edits and duplicated outcomes fail validation
  ---
  duration_ms: 0.9733
  ...
# Subtest: manifest provides unique durable quarter IDs and each character has required rarity positions
ok 12 - manifest provides unique durable quarter IDs and each character has required rarity positions
  ---
  duration_ms: 1.8189
  ...
# Subtest: Pacific event opening/closing includes all October 31 and no redemption window
ok 13 - Pacific event opening/closing includes all October 31 and no redemption window
  ---
  duration_ms: 25.0124
  ...
# Subtest: character rarity metadata rejects missing, unknown or unordered assignments and invalid colors
ok 14 - character rarity metadata rejects missing, unknown or unordered assignments and invalid colors
  ---
  duration_ms: 0.8832
  ...
# Subtest: character rarity metadata rejects missing, unknown or unordered assignments and invalid colors
ok 15 - character rarity metadata rejects missing, unknown or unordered assignments and invalid colors
  ---
  duration_ms: 0.5689
  ...
# Subtest: configuration cannot silently enable redemption, draw ceilings, or unbanked fate
ok 16 - configuration cannot silently enable redemption, draw ceilings, or unbanked fate
  ---
  duration_ms: 0.7081
  ...
# Subtest: simulation weights cannot be used for live acquisition and configuration is immutable
ok 17 - simulation weights cannot be used for live acquisition and configuration is immutable
  ---
  duration_ms: 0.4971
  ...
# Subtest: explicit production activation cannot enable test and leaves economy/version unchanged
ok 18 - explicit production activation cannot enable test and leaves economy/version unchanged
  ---
  duration_ms: 1.0714
  ...
# Subtest: production finale selects only production announcement channel/activation with the environment role
ok 19 - production finale selects only production announcement channel/activation with the environment role
  ---
  duration_ms: 11143.8607
  ...
# Subtest: private help/onboarding creates actual fate account atomically and never mentions others
ok 20 - private help/onboarding creates actual fate account atomically and never mentions others
  ---
  duration_ms: 234.9207
  ...
# Subtest: leaderboard is public while collection and help remain private
ok 21 - leaderboard is public while collection and help remain private
  ---
  duration_ms: 36.2513
  ...
# Subtest: public leaderboard uses latest earned badge emoji and defaults to supplied Selene art
ok 22 - public leaderboard uses latest earned badge emoji and defaults to supplied Selene art
  ---
  duration_ms: 20.5371
  ...
# Subtest: GIF rotation reads durable root history, charges once and preserves saved replay
ok 23 - GIF rotation reads durable root history, charges once and preserves saved replay
  ---
  duration_ms: 168.7523
  ...
# Subtest: chosen shield recipient commits one action cost; replay skips the choice and random rolls
ok 24 - chosen shield recipient commits one action cost; replay skips the choice and random rolls
  ---
  duration_ms: 104.1745
  ...
# Subtest: break-curse skips a lone target, offers two/three choices and saves one paid result
ok 25 - break-curse skips a lone target, offers two/three choices and saves one paid result
  ---
  duration_ms: 432.7009
  ...
# Subtest: registration avatar and committed balances survive replay; re-registering grants no extra candy
ok 26 - registration avatar and committed balances survive replay; re-registering grants no extra candy
  ---
  duration_ms: 37.0795
  ...
# Subtest: registered targets are publicly tagged with strict user allowlist
ok 27 - registered targets are publicly tagged with strict user allowlist
  ---
  duration_ms: 68.5308
  ...
# Subtest: losing outcomes charge exactly one candy and remain flavorful private results
ok 28 - losing outcomes charge exactly one candy and remain flavorful private results
  ---
  duration_ms: 80.723
  ...
# Spooky public delivery pending (discord:failed-cleanup): send failed
# Subtest: successful public results remove the private acknowledgement; failed delivery keeps a friendly warning
ok 29 - successful public results remove the private acknowledgement; failed delivery keeps a friendly warning
  ---
  duration_ms: 122.3579
  ...
# Subtest: nonregistered targets get one embed mention per 72h; later effects stay public without pinging
ok 30 - nonregistered targets get one embed mention per 72h; later effects stay public without pinging
  ---
  duration_ms: 124.7562
  ...
# Subtest: fate purchase publicly reveals quarter; replay retains render plan and debits only once
ok 31 - fate purchase publicly reveals quarter; replay retains render plan and debits only once
  ---
  duration_ms: 44.6218
  ...
# Spooky public delivery pending (discord:theft): send failed
# Subtest: failed public notification does not refund or reroll committed theft
ok 32 - failed public notification does not refund or reroll committed theft
  ---
  duration_ms: 56.9817
  ...
# Subtest: membership failures and disabled events do not mutate or silently find rewards
ok 33 - membership failures and disabled events do not mutate or silently find rewards
  ---
  duration_ms: 46.9009
  ...
# Subtest: all effect recipient fields route publicly, with safe names and no false permanent badge claim
ok 34 - all effect recipient fields route publicly, with safe names and no false permanent badge claim
  ---
  duration_ms: 1.0427
  ...
# Subtest: slash definitions match help and route the authenticated interaction to the controller
ok 35 - slash definitions match help and route the authenticated interaction to the controller
  ---
  duration_ms: 3.8533
  ...
# Subtest: a newly completed character gets one prominent notification; later draws do not repeat completion
ok 36 - a newly completed character gets one prominent notification; later draws do not repeat completion
  ---
  duration_ms: 59.3622
  ...
# Subtest: collection shows total duplicate progress across characters
ok 37 - collection shows total duplicate progress across characters
  ---
  duration_ms: 26.6901
  ...
# Subtest: registered recipient references are spaced out; repeated immediate actions use names
ok 38 - registered recipient references are spaced out; repeated immediate actions use names
  ---
  duration_ms: 247.7409
  ...
# Subtest: self curse cannot renew; target choices omit existing curses and shields
ok 39 - self curse cannot renew; target choices omit existing curses and shields
  ---
  duration_ms: 307.8709
  ...
# Subtest: a chosen break-curse target is revalidated; vanished curse cannot become a different gift
ok 40 - a chosen break-curse target is revalidated; vanished curse cannot become a different gift
  ---
  duration_ms: 82.9972
  ...
# Subtest: shield is recipient-only above 20%; repeat shared protection never renews caller
ok 41 - shield is recipient-only above 20%; repeat shared protection never renews caller
  ---
  duration_ms: 132.3284
  ...
# Subtest: protection cures a cursed target; a fresh shield restores after exactly one hour
not ok 42 - protection cures a cursed target; a fresh shield restores after exactly one hour
  ---
  duration_ms: 145.3331
  location: 'C:\\Users\\headm\\code\\sanity-bot-dev\\tests\\spooky-playful.test.js:78:1'
  failureType: 'testCodeFailure'
  error: |-
    Expected values to be strictly equal:
    + actual - expected
    
    + '✨( Player )✨'
    - 'Player'
  code: 'ERR_ASSERTION'
  name: 'AssertionError'
  expected: 'Player'
  actual: '✨( Player )✨'
  operator: 'strictEqual'
  stack: |-
    TestContext.<anonymous> (C:\Users\headm\code\sanity-bot-dev\tests\spooky-playful.test.js:97:10)
    async Test.run (node:internal/test_runner/test:931:9)
    async Test.processPendingSubtests (node:internal/test_runner/test:629:7)
  ...
# Subtest: baseline is captured on first mutation, shared across effects and restored after October
ok 43 - baseline is captured on first mutation, shared across effects and restored after October
  ---
  duration_ms: 92.4672
  ...
# Subtest: pending curse cured by protection restores a null baseline without leaving a shield
ok 44 - pending curse cured by protection restores a null baseline without leaving a shield
  ---
  duration_ms: 66.1453
  ...
# Subtest: readable appearance has one wrapper and respects Discord nickname length
ok 45 - readable appearance has one wrapper and respects Discord nickname length
  ---
  duration_ms: 0.7448
  ...
# Subtest: shield blocks targeted curses and self backfires without changing expiry or nickname
not ok 46 - shield blocks targeted curses and self backfires without changing expiry or nickname
  ---
  duration_ms: 66.4418
  location: 'C:\\Users\\headm\\code\\sanity-bot-dev\\tests\\spooky-playful.test.js:144:1'
  failureType: 'testCodeFailure'
  error: |-
    Expected values to be strictly deep-equal:
    + actual - expected
    
      [
    +   'bob',
        'carol',
        'dan'
      ]
  code: 'ERR_ASSERTION'
  name: 'AssertionError'
  expected:
    0: 'carol'
    1: 'dan'
  actual:
    0: 'bob'
    1: 'carol'
    2: 'dan'
  operator: 'deepStrictEqual'
  stack: |-
    TestContext.<anonymous> (C:\Users\headm\code\sanity-bot-dev\tests\spooky-playful.test.js:149:10)
    async Test.run (node:internal/test_runner/test:931:9)
    async Test.processPendingSubtests (node:internal/test_runner/test:629:7)
  ...
# Subtest: maintenance refreshes saved old styles, cures legacy overlap and restores the original at expiry
ok 47 - maintenance refreshes saved old styles, cures legacy overlap and restores the original at expiry
  ---
  duration_ms: 98.5161
  ...
# Subtest: old-style refresh and later cleanup never overwrite a manually chosen nickname
ok 48 - old-style refresh and later cleanup never overwrite a manually chosen nickname
  ---
  duration_ms: 84.6044
  ...
# Subtest: legacy null baseline without a display snapshot is preserved until safe final restoration
ok 49 - legacy null baseline without a display snapshot is preserved until safe final restoration
  ---
  duration_ms: 38.3785
  ...
# Subtest: unapplied combined nickname intents restore safely; manual edits are never overwritten
ok 50 - unapplied combined nickname intents restore safely; manual edits are never overwritten
  ---
  duration_ms: 108.9363
  ...
# Subtest: cursed treats count actual delivered sweets toward a hidden goal and safely remove bot-owned role
ok 51 - cursed treats count actual delivered sweets toward a hidden goal and safely remove bot-owned role
  ---
  duration_ms: 145.3689
  ...
# Subtest: failed curse removal survives another hit and eventually removes only the bot-owned role
ok 52 - failed curse removal survives another hit and eventually removes only the bot-owned role
  ---
  duration_ms: 80.7188
  ...
# Subtest: pending/conflicting nickname restoration cannot be overwritten by a new reversal
ok 53 - pending/conflicting nickname restoration cannot be overwritten by a new reversal
  ---
  duration_ms: 62.7516
  ...
# Subtest: reversal skips existing spells and restores each newly selected original at closure
not ok 54 - reversal skips existing spells and restores each newly selected original at closure
  ---
  duration_ms: 82.4316
  location: 'C:\\Users\\headm\\code\\sanity-bot-dev\\tests\\spooky-playful.test.js:283:1'
  failureType: 'testCodeFailure'
  error: |-
    Expected values to be strictly equal:
    + actual - expected
    
    + undefined
    - 'dan'
  code: 'ERR_ASSERTION'
  name: 'AssertionError'
  expected: 'dan'
  operator: 'strictEqual'
  stack: |-
    TestContext.<anonymous> (C:\Users\headm\code\sanity-bot-dev\tests\spooky-playful.test.js:288:10)
    async Test.run (node:internal/test_runner/test:931:9)
    async Test.processPendingSubtests (node:internal/test_runner/test:629:7)
  ...
# Subtest: no eligible reversal rolls back the action candy and operation
ok 55 - no eligible reversal rolls back the action candy and operation
  ---
  duration_ms: 26.8703
  ...
# Subtest: ordinary/double/cursed gifts use actual recipients, cap credits, and immunity shields both parties
ok 56 - ordinary/double/cursed gifts use actual recipients, cap credits, and immunity shields both parties
  ---
  duration_ms: 128.683
  ...
# Subtest: curse apply/spread/backfire are durable; break clears owned role with post-commit intent
ok 57 - curse apply/spread/backfire are durable; break clears owned role with post-commit intent
  ---
  duration_ms: 167.0761
  ...
# Subtest: nickname applies once and October cleanup restores null original; independent changes conflict safely
ok 58 - nickname applies once and October cleanup restores null original; independent changes conflict safely
  ---
  duration_ms: 97.4159
  ...
# Subtest: reversal restores at twelve hours and legacy month-long timers are shortened without baseline changes
ok 59 - reversal restores at twelve hours and legacy month-long timers are shortened without baseline changes
  ---
  duration_ms: 49.7059
  ...
# Subtest: Crown can be stolen and recaptured but first-win candy is not farmed
ok 60 - Crown can be stolen and recaptured but first-win candy is not farmed
  ---
  duration_ms: 66.0621
  ...
# Subtest: failed Discord delivery survives reconstruction and retry is idempotent
ok 61 - failed Discord delivery survives reconstruction and retry is idempotent
  ---
  duration_ms: 35.1356
  ...
# Subtest: Sweet Tooth crowns only the caller once; repeat outcomes cannot transfer it; Eye treat converts
ok 62 - Sweet Tooth crowns only the caller once; repeat outcomes cannot transfer it; Eye treat converts
  ---
  duration_ms: 40.9746
  ...
# Subtest: permission failures do not claim effects, existing roles are not removed and root failure rolls back intent
ok 63 - permission failures do not claim effects, existing roles are not removed and root failure rolls back intent
  ---
  duration_ms: 56.9838
  ...
# Subtest: delivery migration rollback/reapply preserves core tables
ok 64 - delivery migration rollback/reapply preserves core tables
  ---
  duration_ms: 9.2272
  ...
# Subtest: delivery retry detects state already applied before acknowledgment failure
ok 65 - delivery retry detects state already applied before acknowledgment failure
  ---
  duration_ms: 30.3631
  ...
# Subtest: cleanup rolls back with its restoration intent and repeat worker receipt does not enqueue twice
ok 66 - cleanup rolls back with its restoration intent and repeat worker receipt does not enqueue twice
  ---
  duration_ms: 44.0687
  ...
# Subtest: random sampling is without replacement and can select every candidate
ok 67 - random sampling is without replacement and can select every candidate
  ---
  duration_ms: 5.4746
  ...
# Subtest: nonparticipant theft materializes only chosen victim, excludes self/bots, includes admin and strips mention text
ok 68 - nonparticipant theft materializes only chosen victim, excludes self/bots, includes admin and strips mention text
  ---
  duration_ms: 232.019
  ...
# Subtest: heist picks random distinct funded victims and limits credit to caller capacity
ok 69 - heist picks random distinct funded victims and limits credit to caller capacity
  ---
  duration_ms: 126.4831
  ...
# Subtest: protection lasts exactly to expiry, includes both resources and ignores another guild effects
not ok 70 - protection lasts exactly to expiry, includes both resources and ignores another guild effects
  ---
  duration_ms: 39.7926
  location: 'C:\\Users\\headm\\code\\sanity-bot-dev\\tests\\spooky-theft.test.js:72:1'
  failureType: 'testCodeFailure'
  error: |-
    Expected values to be strictly deep-equal:
    + actual - expected
    
      [
    +   'bob',
        'carol'
      ]
  code: 'ERR_ASSERTION'
  name: 'AssertionError'
  expected:
    0: 'carol'
  actual:
    0: 'bob'
    1: 'carol'
  operator: 'deepStrictEqual'
  stack: |-
    TestContext.<anonymous> (C:\Users\headm\code\sanity-bot-dev\tests\spooky-theft.test.js:82:10)
    async Test.run (node:internal/test_runner/test:931:9)
    async Test.processPendingSubtests (node:internal/test_runner/test:629:7)
  ...
# Subtest: Eye victim needs registration/funds but no activity; theft converts at five and replay does not steal twice
ok 71 - Eye victim needs registration/funds but no activity; theft converts at five and replay does not steal twice
  ---
  duration_ms: 57.2564
  ...
# Subtest: solo or protected-only Eye pool finds one; no candy target gives paid no-effect without minting candy
not ok 72 - solo or protected-only Eye pool finds one; no candy target gives paid no-effect without minting candy
  ---
  duration_ms: 71.2942
  location: 'C:\\Users\\headm\\code\\sanity-bot-dev\\tests\\spooky-theft.test.js:104:1'
  failureType: 'testCodeFailure'
  error: |-
    Expected values to be strictly equal:
    
    0 !== 1
    
  code: 'ERR_ASSERTION'
  name: 'AssertionError'
  expected: 1
  actual: 0
  operator: 'strictEqual'
  stack: |-
    TestContext.<anonymous> (C:\Users\headm\code\sanity-bot-dev\tests\spooky-theft.test.js:110:10)
    async Test.run (node:internal/test_runner/test:931:9)
    async Test.processPendingSubtests (node:internal/test_runner/test:629:7)
  ...
# Subtest: concurrent last-Eye theft transfers once; next action finds rather than spending a nonexistent Eye
ok 73 - concurrent last-Eye theft transfers once; next action finds rather than spending a nonexistent Eye
  ---
  duration_ms: 62.7919
  ...
# Subtest: membership or RNG/award errors roll back action cost and never mint a fallback Eye
ok 74 - membership or RNG/award errors roll back action cost and never mint a fallback Eye
  ---
  duration_ms: 71.3812
  ...
# Subtest: lazy funding uses due refill but an exhausted victim is skipped without extra materialization
ok 75 - lazy funding uses due refill but an exhausted victim is skipped without extra materialization
  ---
  duration_ms: 59.5214
  ...
1..75
# tests 75
# suites 0
# pass 68
# fail 7
# cancelled 0
# skipped 0
# todo 0
# duration_ms 26603.5415
