TAP version 13
# Subtest: admin access fails closed for every view and mismatched guild before database reads
ok 1 - admin access fails closed for every view and mismatched guild before database reads
  ---
  duration_ms: 239.6518
  ...
# Subtest: transaction activity identifies who acted, command, outcome and charged candy without mutating state
ok 2 - transaction activity identifies who acted, command, outcome and charged candy without mutating state
  ---
  duration_ms: 47.9215
  ...
# Subtest: inspection works with disabled play and validates explicit environment, limits, cursors and required player
ok 3 - inspection works with disabled play and validates explicit environment, limits, cursors and required player
  ---
  duration_ms: 37.4792
  ...
# Subtest: player inspection is complete stored state, reports eligibility without awarding or refilling
ok 4 - player inspection is complete stored state, reports eligibility without awarding or refilling
  ---
  duration_ms: 37.974
  ...
# Subtest: transaction inspection is scoped, filtered and cursor paginated without mutations
ok 5 - transaction inspection is scoped, filtered and cursor paginated without mutations
  ---
  duration_ms: 43.6806
  ...
# Subtest: delivery inspection joins notification ownership before filtering and leaves ambiguous sends unchanged
ok 6 - delivery inspection joins notification ownership before filtering and leaves ambiguous sends unchanged
  ---
  duration_ms: 37.4981
  ...
# Subtest: read snapshot serializes with economy writes and survives failed reads
ok 7 - read snapshot serializes with economy writes and survives failed reads
  ---
  duration_ms: 31.8012
  ...
# Subtest: fresh member authorization is BOTADMIN-only even for administrators and configured roles
ok 8 - fresh member authorization is BOTADMIN-only even for administrators and configured roles
  ---
  duration_ms: 0.8388
  ...
# Subtest: admin adapter defers privately, enforces channels, suppresses mentions and bounds pages
ok 9 - admin adapter defers privately, enforces channels, suppresses mentions and bounds pages
  ---
  duration_ms: 7.4843
  ...
# Subtest: all controls require fresh authorization/reasons and explicit validated intent
ok 10 - all controls require fresh authorization/reasons and explicit validated intent
  ---
  duration_ms: 30.6397
  ...
# Subtest: clear queues bot-owned role restoration before removing closed/disabled effects; replay retains one intent
ok 11 - clear queues bot-owned role restoration before removing closed/disabled effects; replay retains one intent
  ---
  duration_ms: 46.7137
  ...
# Subtest: unowned curse roles survive clearing; stale add intent is cancelled without any role writes
ok 12 - unowned curse roles survive clearing; stale add intent is cancelled without any role writes
  ---
  duration_ms: 46.532
  ...
# Subtest: nickname clear restores null safely, preserves independent edits, and targeted reconciliation skips other users
ok 13 - nickname clear restores null safely, preserves independent edits, and targeted reconciliation skips other users
  ---
  duration_ms: 67.9809
  ...
# Subtest: bad restoration metadata/missing delivery rolls back; post-commit role failure stays retryable
ok 14 - bad restoration metadata/missing delivery rolls back; post-commit role failure stays retryable
  ---
  duration_ms: 76.0836
  ...
# Subtest: pause/resume is durable, replay-bound and blocks ordinary acquisition; archive never reopens
ok 15 - pause/resume is durable, replay-bound and blocks ordinary acquisition; archive never reopens
  ---
  duration_ms: 40.27
  ...
# Subtest: development reset rejects production/test/wrong storage and missing confirmation without deletion
ok 16 - development reset rejects production/test/wrong storage and missing confirmation without deletion
  ---
  duration_ms: 47.4951
  ...
# Subtest: development reset preserves wallet/permanent sentinel/audit/other scopes, cancels pending awards and reports ambiguity
ok 17 - development reset preserves wallet/permanent sentinel/audit/other scopes, cancels pending awards and reports ambiguity
  ---
  duration_ms: 156.4402
  ...
# Subtest: failed reset restoration rolls back the entire participant, inventory, effects and projection changes
ok 18 - failed reset restoration rolls back the entire participant, inventory, effects and projection changes
  ---
  duration_ms: 127.1634
  ...
# Subtest: control adapter defers privately and reconciles only after commit with the trusted target scope
ok 19 - control adapter defers privately and reconciles only after commit with the trusted target scope
  ---
  duration_ms: 1.0105
  ...
# Subtest: every repair requires fresh authorization, exact scope, a reason and bounded validated input
ok 20 - every repair requires fresh authorization, exact scope, a reason and bounded validated input
  ---
  duration_ms: 242.13
  ...
# Subtest: candy corrections are bounded stored deltas, preserve partial anchors and discard full-cap surplus
ok 21 - candy corrections are bounded stored deltas, preserve partial anchors and discard full-cap surplus
  ---
  duration_ms: 353.1871
  ...
# Subtest: Eye correction converts at five atomically, concurrent replay never rerolls and altered payloads reject
ok 22 - Eye correction converts at five atomically, concurrent replay never rerolls and altered payloads reject
  ---
  duration_ms: 104.0525
  ...
# Subtest: grant correction exchanges exactly five extras, keeps first copies and replays one grant
ok 23 - grant correction exchanges exactly five extras, keeps first copies and replays one grant
  ---
  duration_ms: 40.0753
  ...
# Subtest: quarter removal corrects one copy only; only-copy removal requires explicit intent and changes eligibility
ok 24 - quarter removal corrects one copy only; only-copy removal requires explicit intent and changes eligibility
  ---
  duration_ms: 58.632
  ...
# Subtest: repair finalization/RNG failure rolls back debit, grant, exchange and audit; retry succeeds
ok 25 - repair finalization/RNG failure rolls back debit, grant, exchange and audit; retry succeeds
  ---
  duration_ms: 86.1681
  ...
# Subtest: repairs bypass disabled/pause only, never closure/archive or required registration
ok 26 - repairs bypass disabled/pause only, never closure/archive or required registration
  ---
  duration_ms: 60.6965
  ...
# Spooky public delivery pending (discord:ui-repair): timeout
# Spooky public delivery pending (discord:ui-repair): Notification requires delivery inspection
# Subtest: repair adapter queues big awards for the player, keeps reasons private and survives public send failure/replay
ok 27 - repair adapter queues big awards for the player, keeps reasons private and survives public send failure/replay
  ---
  duration_ms: 74.4314
  ...
# Subtest: existing owner-only curse-clear tool heals bag holes without nickname or role writes and replays safely
ok 28 - existing owner-only curse-clear tool heals bag holes without nickname or role writes and replays safely
  ---
  duration_ms: 29.6643
  ...
# Subtest: private help/onboarding creates actual fate account atomically and never mentions others
ok 29 - private help/onboarding creates actual fate account atomically and never mentions others
  ---
  duration_ms: 266.2566
  ...
# Subtest: leaderboard is public while collection and help remain private
ok 30 - leaderboard is public while collection and help remain private
  ---
  duration_ms: 42.1484
  ...
# Subtest: public leaderboard uses latest earned badge emoji and defaults to supplied Selene art
ok 31 - public leaderboard uses latest earned badge emoji and defaults to supplied Selene art
  ---
  duration_ms: 26.3589
  ...
# Subtest: GIF rotation reads durable root history, charges once and preserves saved replay
ok 32 - GIF rotation reads durable root history, charges once and preserves saved replay
  ---
  duration_ms: 195.2324
  ...
# Subtest: chosen shield recipient commits one action cost; replay skips the choice and random rolls
ok 33 - chosen shield recipient commits one action cost; replay skips the choice and random rolls
  ---
  duration_ms: 124.9342
  ...
# Subtest: break-curse skips a lone target, offers two/three choices and saves one paid result
ok 34 - break-curse skips a lone target, offers two/three choices and saves one paid result
  ---
  duration_ms: 613.7646
  ...
# Subtest: registration avatar and committed balances survive replay; re-registering grants no extra candy
ok 35 - registration avatar and committed balances survive replay; re-registering grants no extra candy
  ---
  duration_ms: 62.5671
  ...
# Subtest: registered targets are publicly tagged with strict user allowlist
ok 36 - registered targets are publicly tagged with strict user allowlist
  ---
  duration_ms: 155.3101
  ...
# Subtest: losing outcomes charge exactly one candy and remain flavorful private results
ok 37 - losing outcomes charge exactly one candy and remain flavorful private results
  ---
  duration_ms: 148.3749
  ...
# Spooky public delivery pending (discord:failed-cleanup): send failed
# Subtest: successful public results remove the private acknowledgement; failed delivery keeps a friendly warning
ok 38 - successful public results remove the private acknowledgement; failed delivery keeps a friendly warning
  ---
  duration_ms: 247.3188
  ...
# Subtest: nonregistered targets get one embed mention per 72h; later effects stay public without pinging
ok 39 - nonregistered targets get one embed mention per 72h; later effects stay public without pinging
  ---
  duration_ms: 235.6514
  ...
# Subtest: fate purchase publicly reveals quarter; replay retains render plan and debits only once
ok 40 - fate purchase publicly reveals quarter; replay retains render plan and debits only once
  ---
  duration_ms: 72.125
  ...
# Spooky public delivery pending (discord:theft): send failed
# Subtest: failed public notification does not refund or reroll committed theft
ok 41 - failed public notification does not refund or reroll committed theft
  ---
  duration_ms: 100.5983
  ...
# Subtest: membership failures and disabled events do not mutate or silently find rewards
ok 42 - membership failures and disabled events do not mutate or silently find rewards
  ---
  duration_ms: 59.305
  ...
# Subtest: all effect recipient fields route publicly, with safe names and no false permanent badge claim
ok 43 - all effect recipient fields route publicly, with safe names and no false permanent badge claim
  ---
  duration_ms: 2.1769
  ...
# Subtest: slash definitions match help and route the authenticated interaction to the controller
ok 44 - slash definitions match help and route the authenticated interaction to the controller
  ---
  duration_ms: 5.923
  ...
# Subtest: a newly completed character gets one prominent notification; later draws do not repeat completion
ok 45 - a newly completed character gets one prominent notification; later draws do not repeat completion
  ---
  duration_ms: 96.1858
  ...
# Subtest: collection shows total duplicate progress across characters
ok 46 - collection shows total duplicate progress across characters
  ---
  duration_ms: 57.2786
  ...
# Subtest: registered recipient references are spaced out; repeated immediate actions use names
ok 47 - registered recipient references are spaced out; repeated immediate actions use names
  ---
  duration_ms: 410.2622
  ...
# Subtest: population adapter matches a seeded actual SQLite gameplay trajectory
ok 48 - population adapter matches a seeded actual SQLite gameplay trajectory
  ---
  duration_ms: 14413.2456
  ...
# Subtest: milestone summaries count never reached separately from conditional timing
ok 49 - milestone summaries count never reached separately from conditional timing
  ---
  duration_ms: 1.6707
  ...
# Subtest: all nine candy outcomes conserve candy, charge once, freeze receipts and replay without a second debit
ok 50 - all nine candy outcomes conserve candy, charge once, freeze receipts and replay without a second debit
  ---
  duration_ms: 767.9339
  ...
# Subtest: raid rounding, ransom, nearby swaps and conditional chain have their distinct bounded results
ok 51 - raid rounding, ransom, nearby swaps and conditional chain have their distinct bounded results
  ---
  duration_ms: 174.1228
  ...
# Subtest: persistent hole adds ceiling25% up to2, preserves conservation and repairs without a nickname change
ok 52 - persistent hole adds ceiling25% up to2, preserves conservation and repairs without a nickname change
  ---
  duration_ms: 209.438
  ...
# Subtest: two-charge shield blocks the breaking hit, restores original nickname and never charges replay twice
ok 53 - two-charge shield blocks the breaking hit, restores original nickname and never charges replay twice
  ---
  duration_ms: 232.355
  ...
# Subtest: shields deny Crown theft with no role/currency award; breaking attempt is still denied
ok 54 - shields deny Crown theft with no role/currency award; breaking attempt is still denied
  ---
  duration_ms: 234.012
  ...
# Subtest: shield survives12h at most and hole/shield writes rollback together on failure
ok 55 - shield survives12h at most and hole/shield writes rollback together on failure
  ---
  duration_ms: 196.6895
  ...
# Subtest: full receivers and tiny sources never lose unmoved candy; unregistered heavy targets are not enrolled
ok 56 - full receivers and tiny sources never lose unmoved candy; unregistered heavy targets are not enrolled
  ---
  duration_ms: 108.8305
  ...
# Subtest: multi-recipient attacks spend one shield charge per victim and block every transfer including the popping hit
ok 57 - multi-recipient attacks spend one shield charge per victim and block every transfer including the popping hit
  ---
  duration_ms: 171.236
  ...
# Subtest: hole amplification is aggregated per victim, bounded by room/funds, skipped for balancing swaps, and expires
ok 58 - hole amplification is aggregated per victim, bounded by room/funds, skipped for balancing swaps, and expires
  ---
  duration_ms: 198.5724
  ...
# Subtest: shields absorb curse, reversal, and hole attacks before any role or nickname mutation
ok 59 - shields absorb curse, reversal, and hole attacks before any role or nickname mutation
  ---
  duration_ms: 187.919
  ...
# Subtest: three-charge strengths freeze on grant/replay and legacy shields retain their original expiry
ok 60 - three-charge strengths freeze on grant/replay and legacy shields retain their original expiry
  ---
  duration_ms: 175.7989
  ...
# Subtest: new heavy attacks choose registered players only; unavailable funded targets refund the whole operation
ok 61 - new heavy attacks choose registered players only; unavailable funded targets refund the whole operation
  ---
  duration_ms: 122.7435
  ...
# Subtest: blocked Crown capture earns no prestige/capture bonus or Fate currency and uses requested public failure wording
ok 62 - blocked Crown capture earns no prestige/capture bonus or Fate currency and uses requested public failure wording
  ---
  duration_ms: 1832.5104
  ...
# Subtest: protection repairs a damaged bag without granting a shield, even when no curse role can be managed; closure removes holes
ok 63 - protection repairs a damaged bag without granting a shield, even when no curse role can be managed; closure removes holes
  ---
  duration_ms: 237.7505
  ...
# Subtest: conditional follow-ups stop at their boundaries and use distinct victims
ok 64 - conditional follow-ups stop at their boundaries and use distinct victims
  ---
  duration_ms: 227.8583
  ...
1..64
# tests 64
# suites 0
# pass 64
# fail 0
# cancelled 0
# skipped 0
# todo 0
# duration_ms 29464.1593
